Archive member included to satisfy reference by file (symbol)

d:/soft/gcc_arm/gcc-arm-none-eabi-10.3-2021.10/bin/../lib/gcc/arm-none-eabi/10.3.1/../../../../arm-none-eabi/lib/thumb/v7-m/nofp\libc_nano.a(lib_a-errno.o)
                              build/sysmem.o (__errno)
d:/soft/gcc_arm/gcc-arm-none-eabi-10.3-2021.10/bin/../lib/gcc/arm-none-eabi/10.3.1/../../../../arm-none-eabi/lib/thumb/v7-m/nofp\libc_nano.a(lib_a-exit.o)
                              d:/soft/gcc_arm/gcc-arm-none-eabi-10.3-2021.10/bin/../lib/gcc/arm-none-eabi/10.3.1/../../../../arm-none-eabi/lib/thumb/v7-m/nofp/crt0.o (exit)
d:/soft/gcc_arm/gcc-arm-none-eabi-10.3-2021.10/bin/../lib/gcc/arm-none-eabi/10.3.1/../../../../arm-none-eabi/lib/thumb/v7-m/nofp\libc_nano.a(lib_a-impure.o)
                              d:/soft/gcc_arm/gcc-arm-none-eabi-10.3-2021.10/bin/../lib/gcc/arm-none-eabi/10.3.1/../../../../arm-none-eabi/lib/thumb/v7-m/nofp\libc_nano.a(lib_a-exit.o) (_global_impure_ptr)
d:/soft/gcc_arm/gcc-arm-none-eabi-10.3-2021.10/bin/../lib/gcc/arm-none-eabi/10.3.1/../../../../arm-none-eabi/lib/thumb/v7-m/nofp\libc_nano.a(lib_a-init.o)
                              d:/soft/gcc_arm/gcc-arm-none-eabi-10.3-2021.10/bin/../lib/gcc/arm-none-eabi/10.3.1/../../../../arm-none-eabi/lib/thumb/v7-m/nofp/crt0.o (__libc_init_array)
d:/soft/gcc_arm/gcc-arm-none-eabi-10.3-2021.10/bin/../lib/gcc/arm-none-eabi/10.3.1/../../../../arm-none-eabi/lib/thumb/v7-m/nofp\libc_nano.a(lib_a-memcpy-stub.o)
                              build/queue.o (memcpy)
d:/soft/gcc_arm/gcc-arm-none-eabi-10.3-2021.10/bin/../lib/gcc/arm-none-eabi/10.3.1/../../../../arm-none-eabi/lib/thumb/v7-m/nofp\libc_nano.a(lib_a-memset.o)
                              d:/soft/gcc_arm/gcc-arm-none-eabi-10.3-2021.10/bin/../lib/gcc/arm-none-eabi/10.3.1/../../../../arm-none-eabi/lib/thumb/v7-m/nofp/crt0.o (memset)
d:/soft/gcc_arm/gcc-arm-none-eabi-10.3-2021.10/bin/../lib/gcc/arm-none-eabi/10.3.1/thumb/v7-m/nofp\libgcc.a(_aeabi_uldivmod.o)
                              build/driver_timer.o (__aeabi_uldivmod)
d:/soft/gcc_arm/gcc-arm-none-eabi-10.3-2021.10/bin/../lib/gcc/arm-none-eabi/10.3.1/thumb/v7-m/nofp\libgcc.a(_udivmoddi4.o)
                              d:/soft/gcc_arm/gcc-arm-none-eabi-10.3-2021.10/bin/../lib/gcc/arm-none-eabi/10.3.1/thumb/v7-m/nofp\libgcc.a(_aeabi_uldivmod.o) (__udivmoddi4)
d:/soft/gcc_arm/gcc-arm-none-eabi-10.3-2021.10/bin/../lib/gcc/arm-none-eabi/10.3.1/thumb/v7-m/nofp\libgcc.a(_dvmd_tls.o)
                              d:/soft/gcc_arm/gcc-arm-none-eabi-10.3-2021.10/bin/../lib/gcc/arm-none-eabi/10.3.1/thumb/v7-m/nofp\libgcc.a(_aeabi_uldivmod.o) (__aeabi_ldiv0)

Discarded input sections

 .text          0x00000000        0x0 d:/soft/gcc_arm/gcc-arm-none-eabi-10.3-2021.10/bin/../lib/gcc/arm-none-eabi/10.3.1/thumb/v7-m/nofp/crti.o
 .data          0x00000000        0x0 d:/soft/gcc_arm/gcc-arm-none-eabi-10.3-2021.10/bin/../lib/gcc/arm-none-eabi/10.3.1/thumb/v7-m/nofp/crti.o
 .bss           0x00000000        0x0 d:/soft/gcc_arm/gcc-arm-none-eabi-10.3-2021.10/bin/../lib/gcc/arm-none-eabi/10.3.1/thumb/v7-m/nofp/crti.o
 .data          0x00000000        0x4 d:/soft/gcc_arm/gcc-arm-none-eabi-10.3-2021.10/bin/../lib/gcc/arm-none-eabi/10.3.1/thumb/v7-m/nofp/crtbegin.o
 .rodata        0x00000000       0x24 d:/soft/gcc_arm/gcc-arm-none-eabi-10.3-2021.10/bin/../lib/gcc/arm-none-eabi/10.3.1/thumb/v7-m/nofp/crtbegin.o
 .text          0x00000000       0x7c d:/soft/gcc_arm/gcc-arm-none-eabi-10.3-2021.10/bin/../lib/gcc/arm-none-eabi/10.3.1/../../../../arm-none-eabi/lib/thumb/v7-m/nofp/crt0.o
 .data          0x00000000        0x0 d:/soft/gcc_arm/gcc-arm-none-eabi-10.3-2021.10/bin/../lib/gcc/arm-none-eabi/10.3.1/../../../../arm-none-eabi/lib/thumb/v7-m/nofp/crt0.o
 .bss           0x00000000        0x0 d:/soft/gcc_arm/gcc-arm-none-eabi-10.3-2021.10/bin/../lib/gcc/arm-none-eabi/10.3.1/../../../../arm-none-eabi/lib/thumb/v7-m/nofp/crt0.o
 .ARM.extab     0x00000000        0x0 d:/soft/gcc_arm/gcc-arm-none-eabi-10.3-2021.10/bin/../lib/gcc/arm-none-eabi/10.3.1/../../../../arm-none-eabi/lib/thumb/v7-m/nofp/crt0.o
 .ARM.exidx     0x00000000       0x10 d:/soft/gcc_arm/gcc-arm-none-eabi-10.3-2021.10/bin/../lib/gcc/arm-none-eabi/10.3.1/../../../../arm-none-eabi/lib/thumb/v7-m/nofp/crt0.o
 .ARM.attributes
                0x00000000       0x1b d:/soft/gcc_arm/gcc-arm-none-eabi-10.3-2021.10/bin/../lib/gcc/arm-none-eabi/10.3.1/../../../../arm-none-eabi/lib/thumb/v7-m/nofp/crt0.o
 .text          0x00000000        0x0 build/main.o
 .data          0x00000000        0x0 build/main.o
 .bss           0x00000000        0x0 build/main.o
 .text          0x00000000        0x0 build/gpio.o
 .data          0x00000000        0x0 build/gpio.o
 .bss           0x00000000        0x0 build/gpio.o
 .text          0x00000000        0x0 build/tim.o
 .data          0x00000000        0x0 build/tim.o
 .bss           0x00000000        0x0 build/tim.o
 .text.HAL_TIM_Base_MspDeInit
                0x00000000       0x24 build/tim.o
[...]
Memory Configuration

Name             Origin             Length             Attributes
RAM              0x20000000         0x00005000         xrw
FLASH            0x08000000         0x00010000         xr
*default*        0x00000000         0xffffffff

Linker script and memory map

LOAD d:/soft/gcc_arm/gcc-arm-none-eabi-10.3-2021.10/bin/../lib/gcc/arm-none-eabi/10.3.1/thumb/v7-m/nofp/crti.o
LOAD d:/soft/gcc_arm/gcc-arm-none-eabi-10.3-2021.10/bin/../lib/gcc/arm-none-eabi/10.3.1/thumb/v7-m/nofp/crtbegin.o
LOAD d:/soft/gcc_arm/gcc-arm-none-eabi-10.3-2021.10/bin/../lib/gcc/arm-none-eabi/10.3.1/../../../../arm-none-eabi/lib/thumb/v7-m/nofp/crt0.o
LOAD build/main.o
LOAD build/gpio.o
LOAD build/tim.o
LOAD build/usart.o
LOAD build/stm32f1xx_it.o
LOAD build/stm32f1xx_hal_msp.o
LOAD build/stm32f1xx_hal_gpio_ex.o
LOAD build/stm32f1xx_hal_tim.o
LOAD build/stm32f1xx_hal_tim_ex.o
LOAD build/stm32f1xx_hal.o
LOAD build/stm32f1xx_hal_rcc.o
LOAD build/stm32f1xx_hal_rcc_ex.o
LOAD build/stm32f1xx_hal_gpio.o
LOAD build/stm32f1xx_hal_dma.o
LOAD build/stm32f1xx_hal_cortex.o
LOAD build/stm32f1xx_hal_pwr.o
LOAD build/stm32f1xx_hal_flash.o
LOAD build/stm32f1xx_hal_flash_ex.o
LOAD build/stm32f1xx_hal_exti.o
LOAD build/stm32f1xx_hal_uart.o
LOAD build/system_stm32f1xx.o
LOAD build/sysmem.o
LOAD build/syscalls.o
LOAD build/freertos.o
LOAD build/croutine.o
LOAD build/event_groups.o
LOAD build/list.o
LOAD build/queue.o
LOAD build/stream_buffer.o
LOAD build/tasks.o
LOAD build/timers.o
LOAD build/cmsis_os2.o
LOAD build/heap_4.o
LOAD build/port.o
LOAD build/stm32f1xx_hal_timebase_tim.o
LOAD build/driver_led.o
LOAD build/driver_oled.o
LOAD build/driver_timer.o
LOAD build/startup_stm32f103xb.o
LOAD d:/soft/gcc_arm/gcc-arm-none-eabi-10.3-2021.10/bin/../lib/gcc/arm-none-eabi/10.3.1/../../../../arm-none-eabi/lib/thumb/v7-m/nofp\libc_nano.a
LOAD d:/soft/gcc_arm/gcc-arm-none-eabi-10.3-2021.10/bin/../lib/gcc/arm-none-eabi/10.3.1/../../../../arm-none-eabi/lib/thumb/v7-m/nofp\libm.a
LOAD d:/soft/gcc_arm/gcc-arm-none-eabi-10.3-2021.10/bin/../lib/gcc/arm-none-eabi/10.3.1/../../../../arm-none-eabi/lib/thumb/v7-m/nofp\libnosys.a
START GROUP
LOAD d:/soft/gcc_arm/gcc-arm-none-eabi-10.3-2021.10/bin/../lib/gcc/arm-none-eabi/10.3.1/thumb/v7-m/nofp\libgcc.a
LOAD d:/soft/gcc_arm/gcc-arm-none-eabi-10.3-2021.10/bin/../lib/gcc/arm-none-eabi/10.3.1/../../../../arm-none-eabi/lib/thumb/v7-m/nofp\libc_nano.a
END GROUP
START GROUP
LOAD d:/soft/gcc_arm/gcc-arm-none-eabi-10.3-2021.10/bin/../lib/gcc/arm-none-eabi/10.3.1/thumb/v7-m/nofp\libgcc.a
LOAD d:/soft/gcc_arm/gcc-arm-none-eabi-10.3-2021.10/bin/../lib/gcc/arm-none-eabi/10.3.1/../../../../arm-none-eabi/lib/thumb/v7-m/nofp\libc_nano.a
END GROUP
LOAD d:/soft/gcc_arm/gcc-arm-none-eabi-10.3-2021.10/bin/../lib/gcc/arm-none-eabi/10.3.1/thumb/v7-m/nofp/crtend.o
LOAD d:/soft/gcc_arm/gcc-arm-none-eabi-10.3-2021.10/bin/../lib/gcc/arm-none-eabi/10.3.1/thumb/v7-m/nofp/crtn.o
                0x20005000                _estack = (ORIGIN (RAM) + LENGTH (RAM))
                0x00000200                _Min_Heap_Size = 0x200
                0x00000400                _Min_Stack_Size = 0x400

.isr_vector     0x08000000      0x10c
                0x08000000                . = ALIGN (0x4)
 *(.isr_vector)
 .isr_vector    0x08000000      0x10c build/startup_stm32f103xb.o
                0x08000000                g_pfnVectors
                0x0800010c                . = ALIGN (0x4)

.text           0x08000110     0x39c4
                0x08000110                . = ALIGN (0x4)
 *(.text)
 .text          0x08000110       0x40 d:/soft/gcc_arm/gcc-arm-none-eabi-10.3-2021.10/bin/../lib/gcc/arm-none-eabi/10.3.1/thumb/v7-m/nofp/crtbegin.o
 *(.text*)
 .text.HAL_TIM_PeriodElapsedCallback
                0x08000150       0x18 build/main.o
                0x08000150                HAL_TIM_PeriodElapsedCallback
 .text.Error_Handler
                0x08000168        0x4 build/main.o
                0x08000168                Error_Handler
 .text.SystemClock_Config
                0x0800016c       0x64 build/main.o
                0x0800016c                SystemClock_Config
 .text.main     0x080001d0       0x28 build/main.o
                0x080001d0                main
 .text.MX_GPIO_Init
                0x080001f8       0xd0 build/gpio.o
                0x080001f8                MX_GPIO_Init
 .text.MX_TIM2_Init
                0x080002c8       0x6c build/tim.o
                0x080002c8                MX_TIM2_Init
 .text.HAL_TIM_Base_MspInit
                0x08000334       0x3a build/tim.o
                0x08000334                HAL_TIM_Base_MspInit
 *fill*         0x0800036e        0x2 
 .text.MX_USART1_UART_Init
                0x08000370       0x34 build/usart.o
                0x08000370                MX_USART1_UART_Init
 .text.MX_USART2_UART_Init
                0x080003a4       0x34 build/usart.o
                0x080003a4                MX_USART2_UART_Init
 .text.HAL_UART_MspInit
                0x080003d8       0xe4 build/usart.o
                0x080003d8                HAL_UART_MspInit
 .text.NMI_Handler
                0x080004bc        0x2 build/stm32f1xx_it.o
                0x080004bc                NMI_Handler
 .text.HardFault_Handler
                0x080004be        0x2 build/stm32f1xx_it.o
                0x080004be                HardFault_Handler
 .text.MemManage_Handler
                0x080004c0        0x2 build/stm32f1xx_it.o
                0x080004c0                MemManage_Handler
 .text.BusFault_Handler
                0x080004c2        0x2 build/stm32f1xx_it.o
                0x080004c2                BusFault_Handler
 .text.UsageFault_Handler
                0x080004c4        0x2 build/stm32f1xx_it.o
                0x080004c4                UsageFault_Handler
 .text.DebugMon_Handler
                0x080004c6        0x2 build/stm32f1xx_it.o
                0x080004c6                DebugMon_Handler
 .text.TIM2_IRQHandler
                0x080004c8       0x10 build/stm32f1xx_it.o
                0x080004c8                TIM2_IRQHandler
 .text.TIM4_IRQHandler
                0x080004d8       0x10 build/stm32f1xx_it.o
                0x080004d8                TIM4_IRQHandler
 .text.USART2_IRQHandler
                0x080004e8       0x10 build/stm32f1xx_it.o
                0x080004e8                USART2_IRQHandler
 .text.HAL_MspInit
                0x080004f8       0x54 build/stm32f1xx_hal_msp.o
                0x080004f8                HAL_MspInit
 .text.TIM_TI1_ConfigInputStage
                0x0800054c       0x24 build/stm32f1xx_hal_tim.o
 .text.TIM_TI2_ConfigInputStage
                0x08000570       0x26 build/stm32f1xx_hal_tim.o
 .text.TIM_ITRx_SetConfig
                0x08000596       0x10 build/stm32f1xx_hal_tim.o
 *fill*         0x080005a6        0x2 
 .text.HAL_TIM_Base_Start_IT
                0x080005a8       0x68 build/stm32f1xx_hal_tim.o
                0x080005a8                HAL_TIM_Base_Start_IT
 .text.HAL_TIM_OC_DelayElapsedCallback
                0x08000610        0x2 build/stm32f1xx_hal_tim.o
                0x08000610                HAL_TIM_OC_DelayElapsedCallback
 .text.HAL_TIM_IC_CaptureCallback
                0x08000612        0x2 build/stm32f1xx_hal_tim.o
                0x08000612                HAL_TIM_IC_CaptureCallback
 .text.HAL_TIM_PWM_PulseFinishedCallback
                0x08000614        0x2 build/stm32f1xx_hal_tim.o
                0x08000614                HAL_TIM_PWM_PulseFinishedCallback
 .text.HAL_TIM_TriggerCallback
                0x08000616        0x2 build/stm32f1xx_hal_tim.o
                0x08000616                HAL_TIM_TriggerCallback
 .text.HAL_TIM_IRQHandler
                0x08000618      0x15e build/stm32f1xx_hal_tim.o
                0x08000618                HAL_TIM_IRQHandler
 *fill*         0x08000776        0x2 
 .text.TIM_Base_SetConfig
                0x08000778       0x84 build/stm32f1xx_hal_tim.o
                0x08000778                TIM_Base_SetConfig
 .text.HAL_TIM_Base_Init
                0x080007fc       0x58 build/stm32f1xx_hal_tim.o
                0x080007fc                HAL_TIM_Base_Init
 .text.TIM_ETR_SetConfig
                0x08000854       0x18 build/stm32f1xx_hal_tim.o
                0x08000854                TIM_ETR_SetConfig
 .text.HAL_TIM_ConfigClockSource
                0x0800086c       0xfe build/stm32f1xx_hal_tim.o
                0x0800086c                HAL_TIM_ConfigClockSource
 *fill*         0x0800096a        0x2 
 .text.HAL_TIMEx_MasterConfigSynchronization
                0x0800096c       0x6c build/stm32f1xx_hal_tim_ex.o
                0x0800096c                HAL_TIMEx_MasterConfigSynchronization
 .text.HAL_TIMEx_CommutCallback
                0x080009d8        0x2 build/stm32f1xx_hal_tim_ex.o
                0x080009d8                HAL_TIMEx_CommutCallback
 .text.HAL_TIMEx_BreakCallback
                0x080009da        0x2 build/stm32f1xx_hal_tim_ex.o
                0x080009da                HAL_TIMEx_BreakCallback
 .text.HAL_Init
                0x080009dc       0x24 build/stm32f1xx_hal.o
                0x080009dc                HAL_Init
 .text.HAL_IncTick
                0x08000a00       0x18 build/stm32f1xx_hal.o
                0x08000a00                HAL_IncTick
 .text.HAL_GetTick
                0x08000a18        0xc build/stm32f1xx_hal.o
                0x08000a18                HAL_GetTick
 .text.RCC_Delay
                0x08000a24       0x2c build/stm32f1xx_hal_rcc.o
 .text.HAL_RCC_OscConfig
                0x08000a50      0x410 build/stm32f1xx_hal_rcc.o
                0x08000a50                HAL_RCC_OscConfig
 .text.HAL_RCC_GetSysClockFreq
                0x08000e60       0x54 build/stm32f1xx_hal_rcc.o
                0x08000e60                HAL_RCC_GetSysClockFreq
 .text.HAL_RCC_ClockConfig
                0x08000eb4      0x16c build/stm32f1xx_hal_rcc.o
                0x08000eb4                HAL_RCC_ClockConfig
 .text.HAL_RCC_GetHCLKFreq
                0x08001020        0xc build/stm32f1xx_hal_rcc.o
                0x08001020                HAL_RCC_GetHCLKFreq
 .text.HAL_RCC_GetPCLK1Freq
                0x0800102c       0x20 build/stm32f1xx_hal_rcc.o
                0x0800102c                HAL_RCC_GetPCLK1Freq
 .text.HAL_RCC_GetPCLK2Freq
                0x0800104c       0x20 build/stm32f1xx_hal_rcc.o
                0x0800104c                HAL_RCC_GetPCLK2Freq
 .text.HAL_RCC_GetClockConfig
                0x0800106c       0x3c build/stm32f1xx_hal_rcc.o
                0x0800106c                HAL_RCC_GetClockConfig
 .text.HAL_GPIO_Init
                0x080010a8      0x224 build/stm32f1xx_hal_gpio.o
                0x080010a8                HAL_GPIO_Init
 .text.HAL_GPIO_WritePin
                0x080012cc        0xc build/stm32f1xx_hal_gpio.o
                0x080012cc                HAL_GPIO_WritePin
 .text.HAL_DMA_Abort
                0x080012d8       0x46 build/stm32f1xx_hal_dma.o
                0x080012d8                HAL_DMA_Abort
 *fill*         0x0800131e        0x2 
 .text.HAL_DMA_Abort_IT
                0x08001320       0x98 build/stm32f1xx_hal_dma.o
                0x08001320                HAL_DMA_Abort_IT
 .text.HAL_NVIC_SetPriorityGrouping
                0x080013b8       0x24 build/stm32f1xx_hal_cortex.o
                0x080013b8                HAL_NVIC_SetPriorityGrouping
 .text.HAL_NVIC_SetPriority
                0x080013dc       0x70 build/stm32f1xx_hal_cortex.o
                0x080013dc                HAL_NVIC_SetPriority
 .text.HAL_NVIC_EnableIRQ
                0x0800144c       0x1c build/stm32f1xx_hal_cortex.o
                0x0800144c                HAL_NVIC_EnableIRQ
 .text.UART_EndRxTransfer
                0x08001468       0x5c build/stm32f1xx_hal_uart.o
 .text.UART_Transmit_IT
                0x080014c4       0x60 build/stm32f1xx_hal_uart.o
 .text.UART_SetConfig
                0x08001524       0x94 build/stm32f1xx_hal_uart.o
 .text.HAL_UART_Init
                0x080015b8       0x60 build/stm32f1xx_hal_uart.o
                0x080015b8                HAL_UART_Init
 .text.HAL_UART_TxCpltCallback
                0x08001618        0x2 build/stm32f1xx_hal_uart.o
                0x08001618                HAL_UART_TxCpltCallback
 .text.UART_EndTransmit_IT
                0x0800161a       0x1a build/stm32f1xx_hal_uart.o
 .text.HAL_UART_RxCpltCallback
                0x08001634        0x2 build/stm32f1xx_hal_uart.o
                0x08001634                HAL_UART_RxCpltCallback
 .text.HAL_UART_ErrorCallback
                0x08001636        0x2 build/stm32f1xx_hal_uart.o
                0x08001636                HAL_UART_ErrorCallback
 .text.UART_DMAAbortOnError
                0x08001638       0x10 build/stm32f1xx_hal_uart.o
 .text.HAL_UARTEx_RxEventCallback
                0x08001648        0x2 build/stm32f1xx_hal_uart.o
                0x08001648                HAL_UARTEx_RxEventCallback
 .text.UART_Receive_IT
                0x0800164a       0xe6 build/stm32f1xx_hal_uart.o
 .text.HAL_UART_IRQHandler
                0x08001730      0x288 build/stm32f1xx_hal_uart.o
                0x08001730                HAL_UART_IRQHandler
 .text.SystemInit
                0x080019b8        0x2 build/system_stm32f1xx.o
                0x080019b8                SystemInit
 .text.StartDefaultTask
                0x080019ba        0xa build/freertos.o
                0x080019ba                StartDefaultTask
 .text.MX_FREERTOS_Init
                0x080019c4       0x60 build/freertos.o
                0x080019c4                MX_FREERTOS_Init
 .text.vListInitialise
                0x08001a24       0x16 build/list.o
                0x08001a24                vListInitialise
 .text.vListInitialiseItem
                0x08001a3a        0x6 build/list.o
                0x08001a3a                vListInitialiseItem
 .text.vListInsertEnd
                0x08001a40       0x16 build/list.o
                0x08001a40                vListInsertEnd
 .text.vListInsert
                0x08001a56       0x32 build/list.o
                0x08001a56                vListInsert
 .text.uxListRemove
                0x08001a88       0x26 build/list.o
                0x08001a88                uxListRemove
 .text.prvIsQueueFull
                0x08001aae       0x1e build/queue.o
 .text.prvIsQueueEmpty
                0x08001acc       0x1a build/queue.o
 .text.prvCopyDataToQueue
                0x08001ae6       0x76 build/queue.o
 .text.prvCopyDataFromQueue
                0x08001b5c       0x24 build/queue.o
 .text.prvUnlockQueue
                0x08001b80       0x6e build/queue.o
 .text.xQueueGenericReset
                0x08001bee       0x84 build/queue.o
                0x08001bee                xQueueGenericReset
 .text.prvInitialiseNewQueue
                0x08001c72       0x22 build/queue.o
 .text.xQueueGenericCreateStatic
                0x08001c94       0x94 build/queue.o
                0x08001c94                xQueueGenericCreateStatic
 .text.xQueueGenericSend
                0x08001d28      0x188 build/queue.o
                0x08001d28                xQueueGenericSend
 .text.xQueueGenericSendFromISR
                0x08001eb0       0xce build/queue.o
                0x08001eb0                xQueueGenericSendFromISR
 .text.xQueueReceive
                0x08001f7e      0x15e build/queue.o
                0x08001f7e                xQueueReceive
 .text.vQueueAddToRegistry
                0x080020dc       0x28 build/queue.o
                0x080020dc                vQueueAddToRegistry
 .text.vQueueWaitForMessageRestricted
                0x08002104       0x52 build/queue.o
                0x08002104                vQueueWaitForMessageRestricted
 *fill*         0x08002156        0x2 
 .text.prvResetNextTaskUnblockTime
                0x08002158       0x2c build/tasks.o
 .text.prvInitialiseNewTask
                0x08002184       0xa6 build/tasks.o
 *fill*         0x0800222a        0x2 
 .text.prvInitialiseTaskLists
                0x0800222c       0x68 build/tasks.o
 .text.prvAddNewTaskToReadyList
                0x08002294       0xac build/tasks.o
 .text.prvDeleteTCB
                0x08002340       0x38 build/tasks.o
 .text.prvCheckTasksWaitingTermination
                0x08002378       0x4c build/tasks.o
 .text.prvIdleTask
                0x080023c4       0x28 build/tasks.o
 .text.prvAddCurrentTaskToDelayedList
                0x080023ec       0x7c build/tasks.o
 .text.xTaskCreateStatic
                0x08002468       0x76 build/tasks.o
                0x08002468                xTaskCreateStatic
 .text.xTaskCreate
                0x080024de       0x68 build/tasks.o
                0x080024de                xTaskCreate
 *fill*         0x08002546        0x2 
 .text.vTaskStartScheduler
                0x08002548       0x9c build/tasks.o
                0x08002548                vTaskStartScheduler
 .text.vTaskSuspendAll
                0x080025e4       0x10 build/tasks.o
                0x080025e4                vTaskSuspendAll
 .text.xTaskGetTickCount
                0x080025f4        0xc build/tasks.o
                0x080025f4                xTaskGetTickCount
 .text.xTaskIncrementTick
                0x08002600      0x118 build/tasks.o
                0x08002600                xTaskIncrementTick
 .text.xTaskResumeAll
                0x08002718       0xf8 build/tasks.o
                0x08002718                xTaskResumeAll
 .text.vTaskDelay
                0x08002810       0x4c build/tasks.o
                0x08002810                vTaskDelay
 .text.vTaskSwitchContext
                0x0800285c       0x94 build/tasks.o
                0x0800285c                vTaskSwitchContext
 .text.vTaskPlaceOnEventList
                0x080028f0       0x30 build/tasks.o
                0x080028f0                vTaskPlaceOnEventList
 .text.vTaskPlaceOnEventListRestricted
                0x08002920       0x38 build/tasks.o
                0x08002920                vTaskPlaceOnEventListRestricted
 .text.xTaskRemoveFromEventList
                0x08002958       0x8c build/tasks.o
                0x08002958                xTaskRemoveFromEventList
 .text.vTaskInternalSetTimeOutState
                0x080029e4       0x18 build/tasks.o
                0x080029e4                vTaskInternalSetTimeOutState
 .text.xTaskCheckForTimeOut
                0x080029fc       0x84 build/tasks.o
                0x080029fc                xTaskCheckForTimeOut
 .text.vTaskMissedYield
                0x08002a80        0xc build/tasks.o
                0x08002a80                vTaskMissedYield
 .text.xTaskGetSchedulerState
                0x08002a8c       0x20 build/tasks.o
                0x08002a8c                xTaskGetSchedulerState
 .text.xTaskPriorityDisinherit
                0x08002aac       0x90 build/tasks.o
                0x08002aac                xTaskPriorityDisinherit
 .text.prvGetNextExpireTime
                0x08002b3c       0x20 build/timers.o
 .text.prvInsertTimerInActiveList
                0x08002b5c       0x48 build/timers.o
 .text.prvCheckForValidListAndQueue
                0x08002ba4       0x70 build/timers.o
 .text.xTimerCreateTimerTask
                0x08002c14       0x64 build/timers.o
                0x08002c14                xTimerCreateTimerTask
 .text.xTimerGenericCommand
                0x08002c78       0x6c build/timers.o
                0x08002c78                xTimerGenericCommand
 .text.prvSwitchTimerLists
                0x08002ce4       0x7c build/timers.o
 .text.prvSampleTimeNow
                0x08002d60       0x2c build/timers.o
 .text.prvProcessExpiredTimer
                0x08002d8c       0x6c build/timers.o
 .text.prvProcessTimerOrBlockTask
                0x08002df8       0x74 build/timers.o
 .text.prvProcessReceivedCommands
                0x08002e6c      0x10c build/timers.o
 .text.prvTimerTask
                0x08002f78       0x16 build/timers.o
 .text.SysTick_Handler
                0x08002f8e       0x18 build/cmsis_os2.o
                0x08002f8e                SysTick_Handler
 *fill*         0x08002fa6        0x2 
 .text.osKernelInitialize
                0x08002fa8       0x24 build/cmsis_os2.o
                0x08002fa8                osKernelInitialize
 .text.osKernelStart
                0x08002fcc       0x38 build/cmsis_os2.o
                0x08002fcc                osKernelStart
 .text.osThreadNew
                0x08003004       0xbc build/cmsis_os2.o
                0x08003004                osThreadNew
 .text.osDelay  0x080030c0       0x1c build/cmsis_os2.o
                0x080030c0                osDelay
 .text.vApplicationGetIdleTaskMemory
                0x080030dc       0x18 build/cmsis_os2.o
                0x080030dc                vApplicationGetIdleTaskMemory
 .text.vApplicationGetTimerTaskMemory
                0x080030f4       0x18 build/cmsis_os2.o
                0x080030f4                vApplicationGetTimerTaskMemory
 .text.prvHeapInit
                0x0800310c       0x64 build/heap_4.o
 .text.prvInsertBlockIntoFreeList
                0x08003170       0x60 build/heap_4.o
 .text.pvPortMalloc
                0x080031d0       0xfc build/heap_4.o
                0x080031d0                pvPortMalloc
 .text.vPortFree
                0x080032cc       0x7c build/heap_4.o
                0x080032cc                vPortFree
 .text.prvTaskExitError
                0x08003348       0x40 build/port.o
 .text.prvPortStartFirstTask
                0x08003388       0x20 build/port.o
 .text.pxPortInitialiseStack
                0x080033a8       0x24 build/port.o
                0x080033a8                pxPortInitialiseStack
 *fill*         0x080033cc        0x4 
 .text.SVC_Handler
                0x080033d0       0x24 build/port.o
                0x080033d0                SVC_Handler
 .text.vPortEnterCritical
                0x080033f4       0x44 build/port.o
                0x080033f4                vPortEnterCritical
 .text.vPortExitCritical
                0x08003438       0x2c build/port.o
                0x08003438                vPortExitCritical
 *fill*         0x08003464        0xc 
 .text.PendSV_Handler
                0x08003470       0x44 build/port.o
                0x08003470                PendSV_Handler
 .text.xPortSysTickHandler
                0x080034b4       0x2c build/port.o
                0x080034b4                xPortSysTickHandler
 .text.vPortSetupTimerInterrupt
                0x080034e0       0x28 build/port.o
                0x080034e0                vPortSetupTimerInterrupt
 .text.xPortStartScheduler
                0x08003508       0xc0 build/port.o
                0x08003508                xPortStartScheduler
 .text.vPortValidateInterruptPriority
                0x080035c8       0x5c build/port.o
                0x080035c8                vPortValidateInterruptPriority
 .text.HAL_InitTick
                0x08003624       0xa0 build/stm32f1xx_hal_timebase_tim.o
                0x08003624                HAL_InitTick
 .text.Led_Control
                0x080036c4       0x28 build/driver_led.o
                0x080036c4                Led_Control
 .text.Led_Test
                0x080036ec       0x24 build/driver_led.o
                0x080036ec                Led_Test
 .text.OLED_W_SCL
                0x08003710       0x14 build/driver_oled.o
                0x08003710                OLED_W_SCL
 .text.OLED_W_SDA
                0x08003724       0x14 build/driver_oled.o
                0x08003724                OLED_W_SDA
 .text.OLED_I2C_Init
                0x08003738       0x10 build/driver_oled.o
                0x08003738                OLED_I2C_Init
 .text.OLED_I2C_Start
                0x08003748       0x1c build/driver_oled.o
                0x08003748                OLED_I2C_Start
 .text.OLED_I2C_Stop
                0x08003764       0x16 build/driver_oled.o
                0x08003764                OLED_I2C_Stop
 .text.OLED_I2C_SendByte
                0x0800377a       0x34 build/driver_oled.o
                0x0800377a                OLED_I2C_SendByte
 .text.OLED_WriteCommand
                0x080037ae       0x20 build/driver_oled.o
                0x080037ae                OLED_WriteCommand
 .text.OLED_WriteData
                0x080037ce       0x20 build/driver_oled.o
                0x080037ce                OLED_WriteData
 .text.OLED_SetCursor
                0x080037ee       0x20 build/driver_oled.o
                0x080037ee                OLED_SetCursor
 .text.OLED_Clear
                0x0800380e       0x2c build/driver_oled.o
                0x0800380e                OLED_Clear
 *fill*         0x0800383a        0x2 
 .text.OLED_ShowChar
                0x0800383c       0x64 build/driver_oled.o
                0x0800383c                OLED_ShowChar
 .text.OLED_ShowString
                0x080038a0       0x22 build/driver_oled.o
                0x080038a0                OLED_ShowString
 .text.OLED_Init
                0x080038c2       0xae build/driver_oled.o
                0x080038c2                OLED_Init
 .text.OLED_Test
                0x08003970       0x30 build/driver_oled.o
                0x08003970                OLED_Test
 .text.udelay   0x080039a0       0x44 build/driver_timer.o
                0x080039a0                udelay
 .text.mdelay   0x080039e4       0x18 build/driver_timer.o
                0x080039e4                mdelay
 .text.Reset_Handler
                0x080039fc       0x48 build/startup_stm32f103xb.o
                0x080039fc                Reset_Handler
 .text.Default_Handler
                0x08003a44        0x2 build/startup_stm32f103xb.o
                0x08003a44                RTC_Alarm_IRQHandler
                0x08003a44                EXTI2_IRQHandler
                0x08003a44                TIM1_CC_IRQHandler
                0x08003a44                PVD_IRQHandler
                0x08003a44                EXTI3_IRQHandler
                0x08003a44                EXTI0_IRQHandler
                0x08003a44                I2C2_EV_IRQHandler
                0x08003a44                ADC1_2_IRQHandler
                0x08003a44                SPI1_IRQHandler
                0x08003a44                TAMPER_IRQHandler
                0x08003a44                DMA1_Channel4_IRQHandler
                0x08003a44                USART3_IRQHandler
                0x08003a44                RTC_IRQHandler
                0x08003a44                DMA1_Channel7_IRQHandler
                0x08003a44                CAN1_RX1_IRQHandler
                0x08003a44                I2C1_EV_IRQHandler
                0x08003a44                DMA1_Channel6_IRQHandler
                0x08003a44                TIM3_IRQHandler
                0x08003a44                RCC_IRQHandler
                0x08003a44                TIM1_TRG_COM_IRQHandler
                0x08003a44                DMA1_Channel1_IRQHandler
                0x08003a44                Default_Handler
                0x08003a44                EXTI15_10_IRQHandler
                0x08003a44                EXTI9_5_IRQHandler
                0x08003a44                SPI2_IRQHandler
                0x08003a44                DMA1_Channel5_IRQHandler
                0x08003a44                EXTI4_IRQHandler
                0x08003a44                USB_LP_CAN1_RX0_IRQHandler
                0x08003a44                USB_HP_CAN1_TX_IRQHandler
                0x08003a44                DMA1_Channel3_IRQHandler
                0x08003a44                TIM1_UP_IRQHandler
                0x08003a44                WWDG_IRQHandler
                0x08003a44                TIM1_BRK_IRQHandler
                0x08003a44                EXTI1_IRQHandler
                0x08003a44                I2C2_ER_IRQHandler
                0x08003a44                DMA1_Channel2_IRQHandler
                0x08003a44                CAN1_SCE_IRQHandler
                0x08003a44                FLASH_IRQHandler
                0x08003a44                USART1_IRQHandler
                0x08003a44                I2C1_ER_IRQHandler
                0x08003a44                USBWakeUp_IRQHandler
 *fill*         0x08003a46        0x2 
 .text.__libc_init_array
                0x08003a48       0x48 d:/soft/gcc_arm/gcc-arm-none-eabi-10.3-2021.10/bin/../lib/gcc/arm-none-eabi/10.3.1/../../../../arm-none-eabi/lib/thumb/v7-m/nofp\libc_nano.a(lib_a-init.o)
                0x08003a48                __libc_init_array
 .text.memcpy   0x08003a90       0x1c d:/soft/gcc_arm/gcc-arm-none-eabi-10.3-2021.10/bin/../lib/gcc/arm-none-eabi/10.3.1/../../../../arm-none-eabi/lib/thumb/v7-m/nofp\libc_nano.a(lib_a-memcpy-stub.o)
                0x08003a90                memcpy
 .text.memset   0x08003aac       0x10 d:/soft/gcc_arm/gcc-arm-none-eabi-10.3-2021.10/bin/../lib/gcc/arm-none-eabi/10.3.1/../../../../arm-none-eabi/lib/thumb/v7-m/nofp\libc_nano.a(lib_a-memset.o)
                0x08003aac                memset
 *(.glue_7)
 .glue_7        0x08003abc        0x0 linker stubs
 *(.glue_7t)
 .glue_7t       0x08003abc        0x0 linker stubs
 *(.eh_frame)
 .eh_frame      0x08003abc        0x0 d:/soft/gcc_arm/gcc-arm-none-eabi-10.3-2021.10/bin/../lib/gcc/arm-none-eabi/10.3.1/thumb/v7-m/nofp/crtbegin.o
 *(.init)
 .init          0x08003abc        0x4 d:/soft/gcc_arm/gcc-arm-none-eabi-10.3-2021.10/bin/../lib/gcc/arm-none-eabi/10.3.1/thumb/v7-m/nofp/crti.o
                0x08003abc                _init
 .init          0x08003ac0        0x8 d:/soft/gcc_arm/gcc-arm-none-eabi-10.3-2021.10/bin/../lib/gcc/arm-none-eabi/10.3.1/thumb/v7-m/nofp/crtn.o
 *(.fini)
 .fini          0x08003ac8        0x4 d:/soft/gcc_arm/gcc-arm-none-eabi-10.3-2021.10/bin/../lib/gcc/arm-none-eabi/10.3.1/thumb/v7-m/nofp/crti.o
                0x08003ac8                _fini
 .fini          0x08003acc        0x8 d:/soft/gcc_arm/gcc-arm-none-eabi-10.3-2021.10/bin/../lib/gcc/arm-none-eabi/10.3.1/thumb/v7-m/nofp/crtn.o
                0x08003ad4                . = ALIGN (0x4)
                0x08003ad4                _etext = .

.vfp11_veneer   0x08003ad4        0x0
 .vfp11_veneer  0x08003ad4        0x0 linker stubs

.v4_bx          0x08003ad4        0x0
 .v4_bx         0x08003ad4        0x0 linker stubs

.iplt           0x08003ad4        0x0
 .iplt          0x08003ad4        0x0 d:/soft/gcc_arm/gcc-arm-none-eabi-10.3-2021.10/bin/../lib/gcc/arm-none-eabi/10.3.1/thumb/v7-m/nofp/crtbegin.o

.rodata         0x08003ad4      0x698
                0x08003ad4                . = ALIGN (0x4)
 *(.rodata)
 *(.rodata*)
 .rodata.aPLLMULFactorTable.1
                0x08003ad4       0x10 build/stm32f1xx_hal_rcc.o
 .rodata.aPredivFactorTable.0
                0x08003ae4        0x2 build/stm32f1xx_hal_rcc.o
 *fill*         0x08003ae6        0x2 
 .rodata.AHBPrescTable
                0x08003ae8       0x10 build/system_stm32f1xx.o
                0x08003ae8                AHBPrescTable
 .rodata.APBPrescTable
                0x08003af8        0x8 build/system_stm32f1xx.o
                0x08003af8                APBPrescTable
 .rodata.MX_FREERTOS_Init.str1.4
                0x08003b00       0x11 build/freertos.o
 *fill*         0x08003b11        0x3 
 .rodata.str1.4
                0x08003b14        0xc build/freertos.o
 .rodata.defaultTask_attributes
                0x08003b20       0x24 build/freertos.o
                0x08003b20                defaultTask_attributes
 .rodata.vTaskStartScheduler.str1.4
                0x08003b44        0x5 build/tasks.o
 *fill*         0x08003b49        0x3 
 .rodata.prvCheckForValidListAndQueue.str1.4
                0x08003b4c        0x5 build/timers.o
 *fill*         0x08003b51        0x3 
 .rodata.xTimerCreateTimerTask.str1.4
                0x08003b54        0x8 build/timers.o
 .rodata.OLED_Test.str1.4
                0x08003b5c       0x1d build/driver_oled.o
 *fill*         0x08003b79        0x3 
 .rodata.OLED_F8x16
                0x08003b7c      0x5f0 build/driver_oled.o
                0x08003b7c                OLED_F8x16
                0x0800416c                . = ALIGN (0x4)

.rel.dyn        0x0800416c        0x0
 .rel.iplt      0x0800416c        0x0 d:/soft/gcc_arm/gcc-arm-none-eabi-10.3-2021.10/bin/../lib/gcc/arm-none-eabi/10.3.1/thumb/v7-m/nofp/crtbegin.o

.ARM.extab
 *(.ARM.extab* .gnu.linkonce.armextab.*)

.ARM            0x0800416c        0x0
                0x0800416c                __exidx_start = .
 *(.ARM.exidx*)
                0x0800416c                __exidx_end = .

.preinit_array  0x0800416c        0x0
                0x0800416c                PROVIDE (__preinit_array_start = .)
 *(.preinit_array*)
                0x0800416c                PROVIDE (__preinit_array_end = .)

.init_array     0x0800416c        0x4
                0x0800416c                PROVIDE (__init_array_start = .)
 *(SORT_BY_NAME(.init_array.*))
 *(.init_array*)
 .init_array    0x0800416c        0x4 d:/soft/gcc_arm/gcc-arm-none-eabi-10.3-2021.10/bin/../lib/gcc/arm-none-eabi/10.3.1/thumb/v7-m/nofp/crtbegin.o
                0x08004170                PROVIDE (__init_array_end = .)

.fini_array     0x08004170        0x4
                [!provide]                PROVIDE (__fini_array_start = .)
 *(SORT_BY_NAME(.fini_array.*))
 *(.fini_array*)
 .fini_array    0x08004170        0x4 d:/soft/gcc_arm/gcc-arm-none-eabi-10.3-2021.10/bin/../lib/gcc/arm-none-eabi/10.3.1/thumb/v7-m/nofp/crtbegin.o
                [!provide]                PROVIDE (__fini_array_end = .)
                0x08004174                _sidata = LOADADDR (.data)

.data           0x20000000       0x10 load address 0x08004174
                0x20000000                . = ALIGN (0x4)
                0x20000000                _sdata = .
 *(.data)
 *(.data*)
 .data.uwTickFreq
                0x20000000        0x1 build/stm32f1xx_hal.o
                0x20000000                uwTickFreq
 *fill*         0x20000001        0x3 
 .data.uwTickPrio
                0x20000004        0x4 build/stm32f1xx_hal.o
                0x20000004                uwTickPrio
 .data.SystemCoreClock
                0x20000008        0x4 build/system_stm32f1xx.o
                0x20000008                SystemCoreClock
 .data.uxCriticalNesting
                0x2000000c        0x4 build/port.o
                0x20000010                . = ALIGN (0x4)
                0x20000010                _edata = .

.igot.plt       0x20000010        0x0 load address 0x08004184
 .igot.plt      0x20000010        0x0 d:/soft/gcc_arm/gcc-arm-none-eabi-10.3-2021.10/bin/../lib/gcc/arm-none-eabi/10.3.1/thumb/v7-m/nofp/crtbegin.o
                0x20000010                . = ALIGN (0x4)

.bss            0x20000010     0x1a94 load address 0x08004184
                0x20000010                _sbss = .
                0x20000010                __bss_start__ = _sbss
 *(.bss)
 .bss           0x20000010       0x1c d:/soft/gcc_arm/gcc-arm-none-eabi-10.3-2021.10/bin/../lib/gcc/arm-none-eabi/10.3.1/thumb/v7-m/nofp/crtbegin.o
 *(.bss*)
 .bss.htim2     0x2000002c       0x48 build/tim.o
                0x2000002c                htim2
 .bss.huart1    0x20000074       0x48 build/usart.o
                0x20000074                huart1
 .bss.huart2    0x200000bc       0x48 build/usart.o
                0x200000bc                huart2
 .bss.uwTick    0x20000104        0x4 build/stm32f1xx_hal.o
                0x20000104                uwTick
 .bss.defaultTaskHandle
                0x20000108        0x4 build/freertos.o
                0x20000108                defaultTaskHandle
 .bss.xQueueRegistry
                0x2000010c       0x40 build/queue.o
                0x2000010c                xQueueRegistry
 .bss.pxCurrentTCB
                0x2000014c        0x4 build/tasks.o
                0x2000014c                pxCurrentTCB
 .bss.pxDelayedTaskList
                0x20000150        0x4 build/tasks.o
 .bss.pxOverflowDelayedTaskList
                0x20000154        0x4 build/tasks.o
 .bss.pxReadyTasksLists
                0x20000158      0x460 build/tasks.o
 .bss.uxCurrentNumberOfTasks
                0x200005b8        0x4 build/tasks.o
 .bss.uxDeletedTasksWaitingCleanUp
                0x200005bc        0x4 build/tasks.o
 .bss.uxSchedulerSuspended
                0x200005c0        0x4 build/tasks.o
 .bss.uxTaskNumber
                0x200005c4        0x4 build/tasks.o
 .bss.uxTopReadyPriority
                0x200005c8        0x4 build/tasks.o
 .bss.xDelayedTaskList1
                0x200005cc       0x14 build/tasks.o
 .bss.xDelayedTaskList2
                0x200005e0       0x14 build/tasks.o
 .bss.xIdleTaskHandle
                0x200005f4        0x4 build/tasks.o
 .bss.xNextTaskUnblockTime
                0x200005f8        0x4 build/tasks.o
 .bss.xNumOfOverflows
                0x200005fc        0x4 build/tasks.o
 .bss.xPendedTicks
                0x20000600        0x4 build/tasks.o
 .bss.xPendingReadyList
                0x20000604       0x14 build/tasks.o
 .bss.xSchedulerRunning
                0x20000618        0x4 build/tasks.o
 .bss.xSuspendedTaskList
                0x2000061c       0x14 build/tasks.o
 .bss.xTasksWaitingTermination
                0x20000630       0x14 build/tasks.o
 .bss.xTickCount
                0x20000644        0x4 build/tasks.o
 .bss.xYieldPending
                0x20000648        0x4 build/tasks.o
 .bss.pxCurrentTimerList
                0x2000064c        0x4 build/timers.o
 .bss.pxOverflowTimerList
                0x20000650        0x4 build/timers.o
 .bss.ucStaticTimerQueueStorage.1
                0x20000654       0xa0 build/timers.o
 .bss.xActiveTimerList1
                0x200006f4       0x14 build/timers.o
 .bss.xActiveTimerList2
                0x20000708       0x14 build/timers.o
 .bss.xLastTime.2
                0x2000071c        0x4 build/timers.o
 .bss.xStaticTimerQueue.0
                0x20000720       0x50 build/timers.o
 .bss.xTimerQueue
                0x20000770        0x4 build/timers.o
 .bss.xTimerTaskHandle
                0x20000774        0x4 build/timers.o
 .bss.Idle_Stack.2
                0x20000778      0x200 build/cmsis_os2.o
 .bss.Idle_TCB.3
                0x20000978       0x5c build/cmsis_os2.o
 .bss.KernelState
                0x200009d4        0x4 build/cmsis_os2.o
 .bss.Timer_Stack.0
                0x200009d8      0x400 build/cmsis_os2.o
 .bss.Timer_TCB.1
                0x20000dd8       0x5c build/cmsis_os2.o
 .bss.pxEnd     0x20000e34        0x4 build/heap_4.o
 .bss.ucHeap    0x20000e38      0xc00 build/heap_4.o
 .bss.xBlockAllocatedBit
                0x20001a38        0x4 build/heap_4.o
 .bss.xFreeBytesRemaining
                0x20001a3c        0x4 build/heap_4.o
 .bss.xMinimumEverFreeBytesRemaining
                0x20001a40        0x4 build/heap_4.o
 .bss.xNumberOfSuccessfulAllocations
                0x20001a44        0x4 build/heap_4.o
 .bss.xNumberOfSuccessfulFrees
                0x20001a48        0x4 build/heap_4.o
 .bss.xStart    0x20001a4c        0x8 build/heap_4.o
 .bss.ucMaxSysCallPriority
                0x20001a54        0x1 build/port.o
 *fill*         0x20001a55        0x3 
 .bss.ulMaxPRIGROUPValue
                0x20001a58        0x4 build/port.o
 .bss.htim4     0x20001a5c       0x48 build/stm32f1xx_hal_timebase_tim.o
                0x20001a5c                htim4
 *(COMMON)
                0x20001aa4                . = ALIGN (0x4)
                0x20001aa4                _ebss = .
                0x20001aa4                __bss_end__ = _ebss

._user_heap_stack
                0x20001aa4      0x604 load address 0x08004184
                0x20001aa8                . = ALIGN (0x8)
 *fill*         0x20001aa4        0x4 
                [!provide]                PROVIDE (end = .)
                0x20001aa8                PROVIDE (_end = .)
                0x20001ca8                . = (. + _Min_Heap_Size)
 *fill*         0x20001aa8      0x200 
                0x200020a8                . = (. + _Min_Stack_Size)
 *fill*         0x20001ca8      0x400 
                0x200020a8                . = ALIGN (0x8)

/DISCARD/
 libc.a(*)
 libm.a(*)
 libgcc.a(*)
OUTPUT(build/stm32_SmartHome.elf elf32-littlearm)
LOAD linker stubs
LOAD d:/soft/gcc_arm/gcc-arm-none-eabi-10.3-2021.10/bin/../lib/gcc/arm-none-eabi/10.3.1/../../../../arm-none-eabi/lib/thumb/v7-m/nofp\libc.a
LOAD d:/soft/gcc_arm/gcc-arm-none-eabi-10.3-2021.10/bin/../lib/gcc/arm-none-eabi/10.3.1/../../../../arm-none-eabi/lib/thumb/v7-m/nofp\libm.a
LOAD d:/soft/gcc_arm/gcc-arm-none-eabi-10.3-2021.10/bin/../lib/gcc/arm-none-eabi/10.3.1/thumb/v7-m/nofp\libgcc.a

.ARM.attributes
                0x00000000       0x29
 .ARM.attributes
                0x00000000       0x1d d:/soft/gcc_arm/gcc-arm-none-eabi-10.3-2021.10/bin/../lib/gcc/arm-none-eabi/10.3.1/thumb/v7-m/nofp/crti.o
 .ARM.attributes
                0x0000001d       0x2d d:/soft/gcc_arm/gcc-arm-none-eabi-10.3-2021.10/bin/../lib/gcc/arm-none-eabi/10.3.1/thumb/v7-m/nofp/crtbegin.o
 .ARM.attributes
                0x0000004a       0x2d build/main.o
 .ARM.attributes
                0x00000077       0x2d build/gpio.o
 .ARM.attributes
                0x000000a4       0x2d build/tim.o
 .ARM.attributes
                0x000000d1       0x2d build/usart.o
 .ARM.attributes
                0x000000fe       0x2d build/stm32f1xx_it.o
 .ARM.attributes
                0x0000012b       0x2d build/stm32f1xx_hal_msp.o
 .ARM.attributes
                0x00000158       0x2d build/stm32f1xx_hal_tim.o
 .ARM.attributes
                0x00000185       0x2d build/stm32f1xx_hal_tim_ex.o
 .ARM.attributes
                0x000001b2       0x2d build/stm32f1xx_hal.o
 .ARM.attributes
                0x000001df       0x2d build/stm32f1xx_hal_rcc.o
 .ARM.attributes
                0x0000020c       0x2d build/stm32f1xx_hal_gpio.o
 .ARM.attributes
                0x00000239       0x2d build/stm32f1xx_hal_dma.o
 .ARM.attributes
                0x00000266       0x2d build/stm32f1xx_hal_cortex.o
 .ARM.attributes
                0x00000293       0x2d build/stm32f1xx_hal_uart.o
 .ARM.attributes
                0x000002c0       0x2d build/system_stm32f1xx.o
 .ARM.attributes
                0x000002ed       0x2d build/freertos.o
 .ARM.attributes
                0x0000031a       0x2d build/list.o
 .ARM.attributes
                0x00000347       0x2d build/queue.o
 .ARM.attributes
                0x00000374       0x2d build/tasks.o
 .ARM.attributes
                0x000003a1       0x2d build/timers.o
 .ARM.attributes
                0x000003ce       0x2d build/cmsis_os2.o
 .ARM.attributes
                0x000003fb       0x2d build/heap_4.o
 .ARM.attributes
                0x00000428       0x2d build/port.o
 .ARM.attributes
                0x00000455       0x2d build/stm32f1xx_hal_timebase_tim.o
 .ARM.attributes
                0x00000482       0x2d build/driver_led.o
 .ARM.attributes
                0x000004af       0x2d build/driver_oled.o
 .ARM.attributes
                0x000004dc       0x2d build/driver_timer.o
 .ARM.attributes
                0x00000509       0x21 build/startup_stm32f103xb.o
 .ARM.attributes
                0x0000052a       0x2d d:/soft/gcc_arm/gcc-arm-none-eabi-10.3-2021.10/bin/../lib/gcc/arm-none-eabi/10.3.1/../../../../arm-none-eabi/lib/thumb/v7-m/nofp\libc_nano.a(lib_a-init.o)
 .ARM.attributes
                0x00000557       0x2d d:/soft/gcc_arm/gcc-arm-none-eabi-10.3-2021.10/bin/../lib/gcc/arm-none-eabi/10.3.1/../../../../arm-none-eabi/lib/thumb/v7-m/nofp\libc_nano.a(lib_a-memcpy-stub.o)
 .ARM.attributes
                0x00000584       0x2d d:/soft/gcc_arm/gcc-arm-none-eabi-10.3-2021.10/bin/../lib/gcc/arm-none-eabi/10.3.1/../../../../arm-none-eabi/lib/thumb/v7-m/nofp\libc_nano.a(lib_a-memset.o)
 .ARM.attributes
                0x000005b1       0x1d d:/soft/gcc_arm/gcc-arm-none-eabi-10.3-2021.10/bin/../lib/gcc/arm-none-eabi/10.3.1/thumb/v7-m/nofp/crtn.o

.comment        0x00000000       0x49
 .comment       0x00000000       0x49 build/main.o
                                 0x4a (size before relaxing)
 .comment       0x00000049       0x4a build/gpio.o
 .comment       0x00000049       0x4a build/tim.o
 .comment       0x00000049       0x4a build/usart.o
 .comment       0x00000049       0x4a build/stm32f1xx_it.o
 .comment       0x00000049       0x4a build/stm32f1xx_hal_msp.o
 .comment       0x00000049       0x4a build/stm32f1xx_hal_tim.o
 .comment       0x00000049       0x4a build/stm32f1xx_hal_tim_ex.o
 .comment       0x00000049       0x4a build/stm32f1xx_hal.o
 .comment       0x00000049       0x4a build/stm32f1xx_hal_rcc.o
 .comment       0x00000049       0x4a build/stm32f1xx_hal_gpio.o
 .comment       0x00000049       0x4a build/stm32f1xx_hal_dma.o
 .comment       0x00000049       0x4a build/stm32f1xx_hal_cortex.o
 .comment       0x00000049       0x4a build/stm32f1xx_hal_uart.o
 .comment       0x00000049       0x4a build/system_stm32f1xx.o
 .comment       0x00000049       0x4a build/freertos.o
 .comment       0x00000049       0x4a build/list.o
 .comment       0x00000049       0x4a build/queue.o
 .comment       0x00000049       0x4a build/tasks.o
 .comment       0x00000049       0x4a build/timers.o
 .comment       0x00000049       0x4a build/cmsis_os2.o
 .comment       0x00000049       0x4a build/heap_4.o
 .comment       0x00000049       0x4a build/port.o
 .comment       0x00000049       0x4a build/stm32f1xx_hal_timebase_tim.o
 .comment       0x00000049       0x4a build/driver_led.o
 .comment       0x00000049       0x4a build/driver_oled.o
 .comment       0x00000049       0x4a build/driver_timer.o

.debug_info     0x00000000    0x20398
 .debug_info    0x00000000      0xa1a build/main.o
 .debug_info    0x00000a1a      0x39f build/gpio.o
 .debug_info    0x00000db9      0xb1a build/tim.o
 .debug_info    0x000018d3      0xba8 build/usart.o
 .debug_info    0x0000247b      0xa90 build/stm32f1xx_it.o
 .debug_info    0x00002f0b      0x3b0 build/stm32f1xx_hal_msp.o
 .debug_info    0x000032bb     0x4074 build/stm32f1xx_hal_tim.o
 .debug_info    0x0000732f     0x1c39 build/stm32f1xx_hal_tim_ex.o
 .debug_info    0x00008f68      0x855 build/stm32f1xx_hal.o
 .debug_info    0x000097bd      0xaf0 build/stm32f1xx_hal_rcc.o
 .debug_info    0x0000a2ad      0x6d7 build/stm32f1xx_hal_gpio.o
 .debug_info    0x0000a984      0x8c0 build/stm32f1xx_hal_dma.o
 .debug_info    0x0000b244      0xe2d build/stm32f1xx_hal_cortex.o
 .debug_info    0x0000c071     0x42a4 build/stm32f1xx_hal_uart.o
 .debug_info    0x00010315      0x26e build/system_stm32f1xx.o
 .debug_info    0x00010583      0x470 build/freertos.o
 .debug_info    0x000109f3      0x30f build/list.o
 .debug_info    0x00010d02     0x2968 build/queue.o
 .debug_info    0x0001366a     0x333f build/tasks.o
 .debug_info    0x000169a9     0x1bd3 build/timers.o
 .debug_info    0x0001857c     0x4d3d build/cmsis_os2.o
 .debug_info    0x0001d2b9      0x61a build/heap_4.o
 .debug_info    0x0001d8d3      0x569 build/port.o
 .debug_info    0x0001de3c      0xb07 build/stm32f1xx_hal_timebase_tim.o
 .debug_info    0x0001e943      0x42c build/driver_led.o
 .debug_info    0x0001ed6f      0xdc7 build/driver_oled.o
 .debug_info    0x0001fb36      0x840 build/driver_timer.o
 .debug_info    0x00020376       0x22 build/startup_stm32f103xb.o

.debug_abbrev   0x00000000     0x3f62
 .debug_abbrev  0x00000000      0x225 build/main.o
 .debug_abbrev  0x00000225      0x13f build/gpio.o
 .debug_abbrev  0x00000364      0x1e2 build/tim.o
 .debug_abbrev  0x00000546      0x1d5 build/usart.o
 .debug_abbrev  0x0000071b      0x183 build/stm32f1xx_it.o
 .debug_abbrev  0x0000089e      0x130 build/stm32f1xx_hal_msp.o
 .debug_abbrev  0x000009ce      0x29d build/stm32f1xx_hal_tim.o
 .debug_abbrev  0x00000c6b      0x29f build/stm32f1xx_hal_tim_ex.o
 .debug_abbrev  0x00000f0a      0x1f7 build/stm32f1xx_hal.o
 .debug_abbrev  0x00001101      0x2b8 build/stm32f1xx_hal_rcc.o
 .debug_abbrev  0x000013b9      0x222 build/stm32f1xx_hal_gpio.o
 .debug_abbrev  0x000015db      0x244 build/stm32f1xx_hal_dma.o
 .debug_abbrev  0x0000181f      0x359 build/stm32f1xx_hal_cortex.o
 .debug_abbrev  0x00001b78      0x334 build/stm32f1xx_hal_uart.o
 .debug_abbrev  0x00001eac      0x140 build/system_stm32f1xx.o
 .debug_abbrev  0x00001fec      0x163 build/freertos.o
 .debug_abbrev  0x0000214f      0x124 build/list.o
 .debug_abbrev  0x00002273      0x3c4 build/queue.o
 .debug_abbrev  0x00002637      0x387 build/tasks.o
 .debug_abbrev  0x000029be      0x366 build/timers.o
 .debug_abbrev  0x00002d24      0x559 build/cmsis_os2.o
 .debug_abbrev  0x0000327d      0x269 build/heap_4.o
 .debug_abbrev  0x000034e6      0x29d build/port.o
 .debug_abbrev  0x00003783      0x202 build/stm32f1xx_hal_timebase_tim.o
 .debug_abbrev  0x00003985      0x1a8 build/driver_led.o
 .debug_abbrev  0x00003b2d      0x21b build/driver_oled.o
 .debug_abbrev  0x00003d48      0x208 build/driver_timer.o
 .debug_abbrev  0x00003f50       0x12 build/startup_stm32f103xb.o

.debug_loc      0x00000000    0x1c448
 .debug_loc     0x00000000       0xc8 build/main.o
 .debug_loc     0x000000c8       0x38 build/gpio.o
 .debug_loc     0x00000100      0x103 build/tim.o
 .debug_loc     0x00000203      0x162 build/usart.o
 .debug_loc     0x00000365       0x60 build/stm32f1xx_it.o
 .debug_loc     0x000003c5       0x4d build/stm32f1xx_hal_msp.o
 .debug_loc     0x00000412     0x5c88 build/stm32f1xx_hal_tim.o
 .debug_loc     0x0000609a     0x20f3 build/stm32f1xx_hal_tim_ex.o
 .debug_loc     0x0000818d      0x1e1 build/stm32f1xx_hal.o
 .debug_loc     0x0000836e      0x790 build/stm32f1xx_hal_rcc.o
 .debug_loc     0x00008afe      0x551 build/stm32f1xx_hal_gpio.o
 .debug_loc     0x0000904f      0x901 build/stm32f1xx_hal_dma.o
 .debug_loc     0x00009950      0x77f build/stm32f1xx_hal_cortex.o
 .debug_loc     0x0000a0cf     0x4d23 build/stm32f1xx_hal_uart.o
 .debug_loc     0x0000edf2       0xff build/system_stm32f1xx.o
 .debug_loc     0x0000eef1       0x7d build/freertos.o
 .debug_loc     0x0000ef6e       0xe5 build/list.o
 .debug_loc     0x0000f053     0x1fbe build/queue.o
 .debug_loc     0x00011011     0x2c8a build/tasks.o
 .debug_loc     0x00013c9b     0x1586 build/timers.o
 .debug_loc     0x00015221     0x5dbc build/cmsis_os2.o
 .debug_loc     0x0001afdd      0x4e4 build/heap_4.o
 .debug_loc     0x0001b4c1      0x16c build/port.o
 .debug_loc     0x0001b62d      0x152 build/stm32f1xx_hal_timebase_tim.o
 .debug_loc     0x0001b77f       0xfc build/driver_led.o
 .debug_loc     0x0001b87b      0xa06 build/driver_oled.o
 .debug_loc     0x0001c281      0x1c7 build/driver_timer.o

.debug_aranges  0x00000000     0x1510
 .debug_aranges
                0x00000000       0x38 build/main.o
 .debug_aranges
                0x00000038       0x20 build/gpio.o
 .debug_aranges
                0x00000058       0x30 build/tim.o
 .debug_aranges
                0x00000088       0x38 build/usart.o
 .debug_aranges
                0x000000c0       0x60 build/stm32f1xx_it.o
 .debug_aranges
                0x00000120       0x20 build/stm32f1xx_hal_msp.o
 .debug_aranges
                0x00000140      0x3d0 build/stm32f1xx_hal_tim.o
 .debug_aranges
                0x00000510      0x168 build/stm32f1xx_hal_tim_ex.o
 .debug_aranges
                0x00000678       0xe0 build/stm32f1xx_hal.o
 .debug_aranges
                0x00000758       0x90 build/stm32f1xx_hal_rcc.o
 .debug_aranges
                0x000007e8       0x58 build/stm32f1xx_hal_gpio.o
 .debug_aranges
                0x00000840       0x80 build/stm32f1xx_hal_dma.o
 .debug_aranges
                0x000008c0       0x90 build/stm32f1xx_hal_cortex.o
 .debug_aranges
                0x00000950      0x208 build/stm32f1xx_hal_uart.o
 .debug_aranges
                0x00000b58       0x28 build/system_stm32f1xx.o
 .debug_aranges
                0x00000b80       0x28 build/freertos.o
 .debug_aranges
                0x00000ba8       0x40 build/list.o
 .debug_aranges
                0x00000be8      0x158 build/queue.o
 .debug_aranges
                0x00000d40      0x208 build/tasks.o
 .debug_aranges
                0x00000f48       0xf0 build/timers.o
 .debug_aranges
                0x00001038      0x2a0 build/cmsis_os2.o
 .debug_aranges
                0x000012d8       0x58 build/heap_4.o
 .debug_aranges
                0x00001330       0x78 build/port.o
 .debug_aranges
                0x000013a8       0x30 build/stm32f1xx_hal_timebase_tim.o
 .debug_aranges
                0x000013d8       0x30 build/driver_led.o
 .debug_aranges
                0x00001408       0xb0 build/driver_oled.o
 .debug_aranges
                0x000014b8       0x30 build/driver_timer.o
 .debug_aranges
                0x000014e8       0x28 build/startup_stm32f103xb.o

.debug_ranges   0x00000000     0x1618
 .debug_ranges  0x00000000       0x28 build/main.o
 .debug_ranges  0x00000028       0x10 build/gpio.o
 .debug_ranges  0x00000038       0x20 build/tim.o
 .debug_ranges  0x00000058       0x28 build/usart.o
 .debug_ranges  0x00000080       0x50 build/stm32f1xx_it.o
 .debug_ranges  0x000000d0       0x10 build/stm32f1xx_hal_msp.o
 .debug_ranges  0x000000e0      0x3c0 build/stm32f1xx_hal_tim.o
 .debug_ranges  0x000004a0      0x158 build/stm32f1xx_hal_tim_ex.o
 .debug_ranges  0x000005f8       0xd0 build/stm32f1xx_hal.o
 .debug_ranges  0x000006c8       0xa0 build/stm32f1xx_hal_rcc.o
 .debug_ranges  0x00000768       0x48 build/stm32f1xx_hal_gpio.o
 .debug_ranges  0x000007b0       0x70 build/stm32f1xx_hal_dma.o
 .debug_ranges  0x00000820       0xe0 build/stm32f1xx_hal_cortex.o
 .debug_ranges  0x00000900      0x210 build/stm32f1xx_hal_uart.o
 .debug_ranges  0x00000b10       0x18 build/system_stm32f1xx.o
 .debug_ranges  0x00000b28       0x18 build/freertos.o
 .debug_ranges  0x00000b40       0x30 build/list.o
 .debug_ranges  0x00000b70      0x218 build/queue.o
 .debug_ranges  0x00000d88      0x338 build/tasks.o
 .debug_ranges  0x000010c0       0xe0 build/timers.o
 .debug_ranges  0x000011a0      0x2a8 build/cmsis_os2.o
 .debug_ranges  0x00001448       0x48 build/heap_4.o
 .debug_ranges  0x00001490       0x68 build/port.o
 .debug_ranges  0x000014f8       0x20 build/stm32f1xx_hal_timebase_tim.o
 .debug_ranges  0x00001518       0x20 build/driver_led.o
 .debug_ranges  0x00001538       0xa0 build/driver_oled.o
 .debug_ranges  0x000015d8       0x20 build/driver_timer.o
 .debug_ranges  0x000015f8       0x20 build/startup_stm32f103xb.o

.debug_line     0x00000000    0x18a5c
 .debug_line    0x00000000      0x395 build/main.o
 .debug_line    0x00000395      0x1f7 build/gpio.o
 .debug_line    0x0000058c      0x2d0 build/tim.o
 .debug_line    0x0000085c      0x3b7 build/usart.o
 .debug_line    0x00000c13      0x2c1 build/stm32f1xx_it.o
 .debug_line    0x00000ed4      0x194 build/stm32f1xx_hal_msp.o
 .debug_line    0x00001068     0x4948 build/stm32f1xx_hal_tim.o
 .debug_line    0x000059b0     0x1ba7 build/stm32f1xx_hal_tim_ex.o
 .debug_line    0x00007557      0x50a build/stm32f1xx_hal.o
 .debug_line    0x00007a61      0xbfa build/stm32f1xx_hal_rcc.o
 .debug_line    0x0000865b      0x5bd build/stm32f1xx_hal_gpio.o
 .debug_line    0x00008c18      0xa36 build/stm32f1xx_hal_dma.o
 .debug_line    0x0000964e      0x615 build/stm32f1xx_hal_cortex.o
 .debug_line    0x00009c63     0x4273 build/stm32f1xx_hal_uart.o
 .debug_line    0x0000ded6      0x222 build/system_stm32f1xx.o
 .debug_line    0x0000e0f8      0x247 build/freertos.o
 .debug_line    0x0000e33f      0x350 build/list.o
 .debug_line    0x0000e68f     0x2038 build/queue.o
 .debug_line    0x000106c7     0x2d8f build/tasks.o
 .debug_line    0x00013456      0xf13 build/timers.o
 .debug_line    0x00014369     0x29ee build/cmsis_os2.o
 .debug_line    0x00016d57      0x725 build/heap_4.o
 .debug_line    0x0001747c      0x601 build/port.o
 .debug_line    0x00017a7d      0x2e3 build/stm32f1xx_hal_timebase_tim.o
 .debug_line    0x00017d60      0x24e build/driver_led.o
 .debug_line    0x00017fae      0x769 build/driver_oled.o
 .debug_line    0x00018717      0x2d1 build/driver_timer.o
 .debug_line    0x000189e8       0x74 build/startup_stm32f103xb.o

.debug_str      0x00000000     0x6c14
 .debug_str     0x00000000      0x7d4 build/main.o
                                0x88f (size before relaxing)
 .debug_str     0x000007d4       0xe0 build/gpio.o
                                0x26d (size before relaxing)
 .debug_str     0x000008b4      0x450 build/tim.o
                                0xb09 (size before relaxing)
 .debug_str     0x00000d04      0x254 build/usart.o
                                0x9dc (size before relaxing)
 .debug_str     0x00000f58       0xdc build/stm32f1xx_it.o
                                0x932 (size before relaxing)
 .debug_str     0x00001034       0x57 build/stm32f1xx_hal_msp.o
                                0x4f9 (size before relaxing)
 .debug_str     0x0000108b      0xe7f build/stm32f1xx_hal_tim.o
                               0x163f (size before relaxing)
 .debug_str     0x00001f0a      0x521 build/stm32f1xx_hal_tim_ex.o
                                0xe30 (size before relaxing)
 .debug_str     0x0000242b      0x309 build/stm32f1xx_hal.o
                                0x814 (size before relaxing)
 .debug_str     0x00002734      0x1fe build/stm32f1xx_hal_rcc.o
                                0x61b (size before relaxing)
 .debug_str     0x00002932      0x117 build/stm32f1xx_hal_gpio.o
                                0x3f0 (size before relaxing)
 .debug_str     0x00002a49      0x20a build/stm32f1xx_hal_dma.o
                                0x5ed (size before relaxing)
 .debug_str     0x00002c53      0x39b build/stm32f1xx_hal_cortex.o
                                0x8c3 (size before relaxing)
 .debug_str     0x00002fee      0x606 build/stm32f1xx_hal_uart.o
                                0xce4 (size before relaxing)
 .debug_str     0x000035f4       0x4f build/system_stm32f1xx.o
                                0x244 (size before relaxing)
 .debug_str     0x00003643      0x53d build/freertos.o
                                0x6d9 (size before relaxing)
 .debug_str     0x00003b80      0x14d build/list.o
                                0x2e5 (size before relaxing)
 .debug_str     0x00003ccd      0xa09 build/queue.o
                                0xcfb (size before relaxing)
 .debug_str     0x000046d6      0xc89 build/tasks.o
                               0x12ca (size before relaxing)
 .debug_str     0x0000535f      0x5d8 build/timers.o
                                0xc2b (size before relaxing)
 .debug_str     0x00005937      0xc3b build/cmsis_os2.o
                               0x1f1e (size before relaxing)
 .debug_str     0x00006572      0x2bf build/heap_4.o
                                0x4f3 (size before relaxing)
 .debug_str     0x00006831      0x16d build/port.o
                                0x455 (size before relaxing)
 .debug_str     0x0000699e       0x5c build/stm32f1xx_hal_timebase_tim.o
                                0xb02 (size before relaxing)
 .debug_str     0x000069fa       0x48 build/driver_led.o
                                0x2aa (size before relaxing)
 .debug_str     0x00006a42      0x145 build/driver_oled.o
                                0x3a1 (size before relaxing)
 .debug_str     0x00006b87       0x69 build/driver_timer.o
                                0x6c3 (size before relaxing)
 .debug_str     0x00006bf0       0x24 build/startup_stm32f103xb.o
                                 0x63 (size before relaxing)

.debug_frame    0x00000000     0x3b40
 .debug_frame   0x00000000       0x70 build/main.o
 .debug_frame   0x00000070       0x38 build/gpio.o
 .debug_frame   0x000000a8       0x64 build/tim.o
 .debug_frame   0x0000010c       0x7c build/usart.o
 .debug_frame   0x00000188       0xb8 build/stm32f1xx_it.o
 .debug_frame   0x00000240       0x2c build/stm32f1xx_hal_msp.o
 .debug_frame   0x0000026c      0xb1c build/stm32f1xx_hal_tim.o
 .debug_frame   0x00000d88      0x40c build/stm32f1xx_hal_tim_ex.o
 .debug_frame   0x00001194      0x1cc build/stm32f1xx_hal.o
 .debug_frame   0x00001360      0x184 build/stm32f1xx_hal_rcc.o
 .debug_frame   0x000014e4       0xe4 build/stm32f1xx_hal_gpio.o
 .debug_frame   0x000015c8      0x144 build/stm32f1xx_hal_dma.o
 .debug_frame   0x0000170c      0x118 build/stm32f1xx_hal_cortex.o
 .debug_frame   0x00001824      0x5e0 build/stm32f1xx_hal_uart.o
 .debug_frame   0x00001e04       0x30 build/system_stm32f1xx.o
 .debug_frame   0x00001e34       0x48 build/freertos.o
 .debug_frame   0x00001e7c       0x70 build/list.o
 .debug_frame   0x00001eec      0x454 build/queue.o
 .debug_frame   0x00002340      0x698 build/tasks.o
 .debug_frame   0x000029d8      0x30c build/timers.o
 .debug_frame   0x00002ce4      0x8fc build/cmsis_os2.o
 .debug_frame   0x000035e0       0xd0 build/heap_4.o
 .debug_frame   0x000036b0       0xf0 build/port.o
 .debug_frame   0x000037a0       0x54 build/stm32f1xx_hal_timebase_tim.o
 .debug_frame   0x000037f4       0x60 build/driver_led.o
 .debug_frame   0x00003854      0x214 build/driver_oled.o
 .debug_frame   0x00003a68       0x64 build/driver_timer.o
 .debug_frame   0x00003acc       0x2c d:/soft/gcc_arm/gcc-arm-none-eabi-10.3-2021.10/bin/../lib/gcc/arm-none-eabi/10.3.1/../../../../arm-none-eabi/lib/thumb/v7-m/nofp\libc_nano.a(lib_a-init.o)
 .debug_frame   0x00003af8       0x28 d:/soft/gcc_arm/gcc-arm-none-eabi-10.3-2021.10/bin/../lib/gcc/arm-none-eabi/10.3.1/../../../../arm-none-eabi/lib/thumb/v7-m/nofp\libc_nano.a(lib_a-memcpy-stub.o)
 .debug_frame   0x00003b20       0x20 d:/soft/gcc_arm/gcc-arm-none-eabi-10.3-2021.10/bin/../lib/gcc/arm-none-eabi/10.3.1/../../../../arm-none-eabi/lib/thumb/v7-m/nofp\libc_nano.a(lib_a-memset.o)

Cross Reference Table

Symbol                                            File
ADC1_2_IRQHandler                                 build/startup_stm32f103xb.o
AHBPrescTable                                     build/system_stm32f1xx.o
                                                  build/stm32f1xx_hal_rcc.o
APBPrescTable                                     build/system_stm32f1xx.o
                                                  build/stm32f1xx_hal_rcc.o
BusFault_Handler                                  build/stm32f1xx_it.o
CAN1_RX1_IRQHandler                               build/startup_stm32f103xb.o
CAN1_SCE_IRQHandler                               build/startup_stm32f103xb.o
DMA1_Channel1_IRQHandler                          build/startup_stm32f103xb.o
DMA1_Channel2_IRQHandler                          build/startup_stm32f103xb.o
DMA1_Channel3_IRQHandler                          build/startup_stm32f103xb.o
DMA1_Channel4_IRQHandler                          build/startup_stm32f103xb.o
DMA1_Channel5_IRQHandler                          build/startup_stm32f103xb.o
DMA1_Channel6_IRQHandler                          build/startup_stm32f103xb.o
DMA1_Channel7_IRQHandler                          build/startup_stm32f103xb.o
DebugMon_Handler                                  build/stm32f1xx_it.o
Default_Handler                                   build/startup_stm32f103xb.o
EXTI0_IRQHandler                                  build/startup_stm32f103xb.o
EXTI15_10_IRQHandler                              build/startup_stm32f103xb.o
EXTI1_IRQHandler                                  build/startup_stm32f103xb.o
EXTI2_IRQHandler                                  build/startup_stm32f103xb.o
EXTI3_IRQHandler                                  build/startup_stm32f103xb.o
EXTI4_IRQHandler                                  build/startup_stm32f103xb.o
EXTI9_5_IRQHandler                                build/startup_stm32f103xb.o
Error_Handler                                     build/main.o
                                                  build/usart.o
                                                  build/tim.o
FLASH_IRQHandler                                  build/startup_stm32f103xb.o
FLASH_PageErase                                   build/stm32f1xx_hal_flash_ex.o
                                                  build/stm32f1xx_hal_flash.o
FLASH_WaitForLastOperation                        build/stm32f1xx_hal_flash.o
                                                  build/stm32f1xx_hal_flash_ex.o
HAL_DBGMCU_DisableDBGSleepMode                    build/stm32f1xx_hal.o
HAL_DBGMCU_DisableDBGStandbyMode                  build/stm32f1xx_hal.o
HAL_DBGMCU_DisableDBGStopMode                     build/stm32f1xx_hal.o
HAL_DBGMCU_EnableDBGSleepMode                     build/stm32f1xx_hal.o
HAL_DBGMCU_EnableDBGStandbyMode                   build/stm32f1xx_hal.o
HAL_DBGMCU_EnableDBGStopMode                      build/stm32f1xx_hal.o
HAL_DMA_Abort                                     build/stm32f1xx_hal_dma.o
                                                  build/stm32f1xx_hal_uart.o
HAL_DMA_Abort_IT                                  build/stm32f1xx_hal_dma.o
                                                  build/stm32f1xx_hal_uart.o
                                                  build/stm32f1xx_hal_tim_ex.o
                                                  build/stm32f1xx_hal_tim.o
HAL_DMA_DeInit                                    build/stm32f1xx_hal_dma.o
HAL_DMA_GetError                                  build/stm32f1xx_hal_dma.o
                                                  build/stm32f1xx_hal_uart.o
HAL_DMA_GetState                                  build/stm32f1xx_hal_dma.o
HAL_DMA_IRQHandler                                build/stm32f1xx_hal_dma.o
HAL_DMA_Init                                      build/stm32f1xx_hal_dma.o
HAL_DMA_PollForTransfer                           build/stm32f1xx_hal_dma.o
HAL_DMA_RegisterCallback                          build/stm32f1xx_hal_dma.o
HAL_DMA_Start                                     build/stm32f1xx_hal_dma.o
HAL_DMA_Start_IT                                  build/stm32f1xx_hal_dma.o
                                                  build/stm32f1xx_hal_uart.o
                                                  build/stm32f1xx_hal_tim_ex.o
                                                  build/stm32f1xx_hal_tim.o
HAL_DMA_UnRegisterCallback                        build/stm32f1xx_hal_dma.o
HAL_DeInit                                        build/stm32f1xx_hal.o
HAL_Delay                                         build/stm32f1xx_hal.o
HAL_EXTI_ClearConfigLine                          build/stm32f1xx_hal_exti.o
HAL_EXTI_ClearPending                             build/stm32f1xx_hal_exti.o
HAL_EXTI_GenerateSWI                              build/stm32f1xx_hal_exti.o
HAL_EXTI_GetConfigLine                            build/stm32f1xx_hal_exti.o
HAL_EXTI_GetHandle                                build/stm32f1xx_hal_exti.o
HAL_EXTI_GetPending                               build/stm32f1xx_hal_exti.o
HAL_EXTI_IRQHandler                               build/stm32f1xx_hal_exti.o
HAL_EXTI_RegisterCallback                         build/stm32f1xx_hal_exti.o
HAL_EXTI_SetConfigLine                            build/stm32f1xx_hal_exti.o
HAL_FLASHEx_Erase                                 build/stm32f1xx_hal_flash_ex.o
HAL_FLASHEx_Erase_IT                              build/stm32f1xx_hal_flash_ex.o
HAL_FLASHEx_OBErase                               build/stm32f1xx_hal_flash_ex.o
HAL_FLASHEx_OBGetConfig                           build/stm32f1xx_hal_flash_ex.o
HAL_FLASHEx_OBGetUserData                         build/stm32f1xx_hal_flash_ex.o
HAL_FLASHEx_OBProgram                             build/stm32f1xx_hal_flash_ex.o
HAL_FLASH_EndOfOperationCallback                  build/stm32f1xx_hal_flash.o
HAL_FLASH_GetError                                build/stm32f1xx_hal_flash.o
HAL_FLASH_IRQHandler                              build/stm32f1xx_hal_flash.o
HAL_FLASH_Lock                                    build/stm32f1xx_hal_flash.o
HAL_FLASH_OB_Launch                               build/stm32f1xx_hal_flash.o
HAL_FLASH_OB_Lock                                 build/stm32f1xx_hal_flash.o
HAL_FLASH_OB_Unlock                               build/stm32f1xx_hal_flash.o
HAL_FLASH_OperationErrorCallback                  build/stm32f1xx_hal_flash.o
HAL_FLASH_Program                                 build/stm32f1xx_hal_flash.o
HAL_FLASH_Program_IT                              build/stm32f1xx_hal_flash.o
HAL_FLASH_Unlock                                  build/stm32f1xx_hal_flash.o
HAL_GPIOEx_ConfigEventout                         build/stm32f1xx_hal_gpio_ex.o
HAL_GPIOEx_DisableEventout                        build/stm32f1xx_hal_gpio_ex.o
HAL_GPIOEx_EnableEventout                         build/stm32f1xx_hal_gpio_ex.o
HAL_GPIO_DeInit                                   build/stm32f1xx_hal_gpio.o
                                                  build/usart.o
HAL_GPIO_EXTI_Callback                            build/stm32f1xx_hal_gpio.o
HAL_GPIO_EXTI_IRQHandler                          build/stm32f1xx_hal_gpio.o
HAL_GPIO_Init                                     build/stm32f1xx_hal_gpio.o
                                                  build/driver_led.o
                                                  build/stm32f1xx_hal_rcc.o
                                                  build/usart.o
                                                  build/gpio.o
HAL_GPIO_LockPin                                  build/stm32f1xx_hal_gpio.o
HAL_GPIO_ReadPin                                  build/stm32f1xx_hal_gpio.o
HAL_GPIO_TogglePin                                build/stm32f1xx_hal_gpio.o
HAL_GPIO_WritePin                                 build/stm32f1xx_hal_gpio.o
                                                  build/driver_oled.o
                                                  build/driver_led.o
                                                  build/gpio.o
HAL_GetDEVID                                      build/stm32f1xx_hal.o
HAL_GetHalVersion                                 build/stm32f1xx_hal.o
HAL_GetREVID                                      build/stm32f1xx_hal.o
HAL_GetTick                                       build/stm32f1xx_hal.o
                                                  build/driver_timer.o
                                                  build/stm32f1xx_hal_uart.o
                                                  build/stm32f1xx_hal_flash.o
                                                  build/stm32f1xx_hal_dma.o
                                                  build/stm32f1xx_hal_rcc_ex.o
                                                  build/stm32f1xx_hal_rcc.o
HAL_GetTickFreq                                   build/stm32f1xx_hal.o
HAL_GetTickPrio                                   build/stm32f1xx_hal.o
HAL_GetUIDw0                                      build/stm32f1xx_hal.o
HAL_GetUIDw1                                      build/stm32f1xx_hal.o
HAL_GetUIDw2                                      build/stm32f1xx_hal.o
HAL_HalfDuplex_EnableReceiver                     build/stm32f1xx_hal_uart.o
HAL_HalfDuplex_EnableTransmitter                  build/stm32f1xx_hal_uart.o
HAL_HalfDuplex_Init                               build/stm32f1xx_hal_uart.o
HAL_IncTick                                       build/stm32f1xx_hal.o
                                                  build/main.o
HAL_Init                                          build/stm32f1xx_hal.o
                                                  build/main.o
HAL_InitTick                                      build/stm32f1xx_hal_timebase_tim.o
                                                  build/stm32f1xx_hal.o
                                                  build/stm32f1xx_hal_rcc.o
HAL_LIN_Init                                      build/stm32f1xx_hal_uart.o
HAL_LIN_SendBreak                                 build/stm32f1xx_hal_uart.o
HAL_MspDeInit                                     build/stm32f1xx_hal.o
HAL_MspInit                                       build/stm32f1xx_hal_msp.o
HAL_MultiProcessor_EnterMuteMode                  build/stm32f1xx_hal_uart.o
HAL_MultiProcessor_ExitMuteMode                   build/stm32f1xx_hal_uart.o
HAL_MultiProcessor_Init                           build/stm32f1xx_hal_uart.o
HAL_NVIC_ClearPendingIRQ                          build/stm32f1xx_hal_cortex.o
HAL_NVIC_DisableIRQ                               build/stm32f1xx_hal_cortex.o
                                                  build/usart.o
                                                  build/tim.o
HAL_NVIC_EnableIRQ                                build/stm32f1xx_hal_cortex.o
                                                  build/stm32f1xx_hal_timebase_tim.o
                                                  build/usart.o
                                                  build/tim.o
HAL_NVIC_GetActive                                build/stm32f1xx_hal_cortex.o
HAL_NVIC_GetPendingIRQ                            build/stm32f1xx_hal_cortex.o
HAL_NVIC_GetPriority                              build/stm32f1xx_hal_cortex.o
HAL_NVIC_GetPriorityGrouping                      build/stm32f1xx_hal_cortex.o
HAL_NVIC_SetPendingIRQ                            build/stm32f1xx_hal_cortex.o
HAL_NVIC_SetPriority                              build/stm32f1xx_hal_cortex.o
                                                  build/stm32f1xx_hal_timebase_tim.o
                                                  build/stm32f1xx_hal.o
                                                  build/stm32f1xx_hal_msp.o
                                                  build/usart.o
                                                  build/tim.o
HAL_NVIC_SetPriorityGrouping                      build/stm32f1xx_hal_cortex.o
                                                  build/stm32f1xx_hal.o
HAL_NVIC_SystemReset                              build/stm32f1xx_hal_cortex.o
                                                  build/stm32f1xx_hal_flash.o
HAL_PWR_ConfigPVD                                 build/stm32f1xx_hal_pwr.o
HAL_PWR_DeInit                                    build/stm32f1xx_hal_pwr.o
HAL_PWR_DisableBkUpAccess                         build/stm32f1xx_hal_pwr.o
HAL_PWR_DisablePVD                                build/stm32f1xx_hal_pwr.o
HAL_PWR_DisableSEVOnPend                          build/stm32f1xx_hal_pwr.o
HAL_PWR_DisableSleepOnExit                        build/stm32f1xx_hal_pwr.o
HAL_PWR_DisableWakeUpPin                          build/stm32f1xx_hal_pwr.o
HAL_PWR_EnableBkUpAccess                          build/stm32f1xx_hal_pwr.o
HAL_PWR_EnablePVD                                 build/stm32f1xx_hal_pwr.o
HAL_PWR_EnableSEVOnPend                           build/stm32f1xx_hal_pwr.o
HAL_PWR_EnableSleepOnExit                         build/stm32f1xx_hal_pwr.o
HAL_PWR_EnableWakeUpPin                           build/stm32f1xx_hal_pwr.o
HAL_PWR_EnterSLEEPMode                            build/stm32f1xx_hal_pwr.o
HAL_PWR_EnterSTANDBYMode                          build/stm32f1xx_hal_pwr.o
HAL_PWR_EnterSTOPMode                             build/stm32f1xx_hal_pwr.o
HAL_PWR_PVDCallback                               build/stm32f1xx_hal_pwr.o
HAL_PWR_PVD_IRQHandler                            build/stm32f1xx_hal_pwr.o
HAL_RCCEx_GetPeriphCLKConfig                      build/stm32f1xx_hal_rcc_ex.o
HAL_RCCEx_GetPeriphCLKFreq                        build/stm32f1xx_hal_rcc_ex.o
HAL_RCCEx_PeriphCLKConfig                         build/stm32f1xx_hal_rcc_ex.o
HAL_RCC_CSSCallback                               build/stm32f1xx_hal_rcc.o
HAL_RCC_ClockConfig                               build/stm32f1xx_hal_rcc.o
                                                  build/main.o
HAL_RCC_DeInit                                    build/stm32f1xx_hal_rcc.o
HAL_RCC_DisableCSS                                build/stm32f1xx_hal_rcc.o
HAL_RCC_EnableCSS                                 build/stm32f1xx_hal_rcc.o
HAL_RCC_GetClockConfig                            build/stm32f1xx_hal_rcc.o
                                                  build/stm32f1xx_hal_timebase_tim.o
HAL_RCC_GetHCLKFreq                               build/stm32f1xx_hal_rcc.o
HAL_RCC_GetOscConfig                              build/stm32f1xx_hal_rcc.o
HAL_RCC_GetPCLK1Freq                              build/stm32f1xx_hal_rcc.o
                                                  build/stm32f1xx_hal_timebase_tim.o
                                                  build/stm32f1xx_hal_uart.o
HAL_RCC_GetPCLK2Freq                              build/stm32f1xx_hal_rcc.o
                                                  build/stm32f1xx_hal_uart.o
                                                  build/stm32f1xx_hal_rcc_ex.o
HAL_RCC_GetSysClockFreq                           build/stm32f1xx_hal_rcc.o
HAL_RCC_MCOConfig                                 build/stm32f1xx_hal_rcc.o
HAL_RCC_NMI_IRQHandler                            build/stm32f1xx_hal_rcc.o
HAL_RCC_OscConfig                                 build/stm32f1xx_hal_rcc.o
                                                  build/main.o
HAL_ResumeTick                                    build/stm32f1xx_hal_timebase_tim.o
                                                  build/stm32f1xx_hal.o
HAL_SYSTICK_CLKSourceConfig                       build/stm32f1xx_hal_cortex.o
HAL_SYSTICK_Callback                              build/stm32f1xx_hal_cortex.o
HAL_SYSTICK_Config                                build/stm32f1xx_hal_cortex.o
                                                  build/stm32f1xx_hal.o
HAL_SYSTICK_IRQHandler                            build/stm32f1xx_hal_cortex.o
HAL_SetTickFreq                                   build/stm32f1xx_hal.o
HAL_SuspendTick                                   build/stm32f1xx_hal_timebase_tim.o
                                                  build/stm32f1xx_hal.o
HAL_TIMEx_BreakCallback                           build/stm32f1xx_hal_tim_ex.o
                                                  build/stm32f1xx_hal_tim.o
HAL_TIMEx_CommutCallback                          build/stm32f1xx_hal_tim_ex.o
                                                  build/stm32f1xx_hal_tim.o
HAL_TIMEx_CommutHalfCpltCallback                  build/stm32f1xx_hal_tim_ex.o
HAL_TIMEx_ConfigBreakDeadTime                     build/stm32f1xx_hal_tim_ex.o
HAL_TIMEx_ConfigCommutEvent                       build/stm32f1xx_hal_tim_ex.o
HAL_TIMEx_ConfigCommutEvent_DMA                   build/stm32f1xx_hal_tim_ex.o
HAL_TIMEx_ConfigCommutEvent_IT                    build/stm32f1xx_hal_tim_ex.o
HAL_TIMEx_GetChannelNState                        build/stm32f1xx_hal_tim_ex.o
HAL_TIMEx_HallSensor_DeInit                       build/stm32f1xx_hal_tim_ex.o
HAL_TIMEx_HallSensor_GetState                     build/stm32f1xx_hal_tim_ex.o
HAL_TIMEx_HallSensor_Init                         build/stm32f1xx_hal_tim_ex.o
HAL_TIMEx_HallSensor_MspDeInit                    build/stm32f1xx_hal_tim_ex.o
HAL_TIMEx_HallSensor_MspInit                      build/stm32f1xx_hal_tim_ex.o
HAL_TIMEx_HallSensor_Start                        build/stm32f1xx_hal_tim_ex.o
HAL_TIMEx_HallSensor_Start_DMA                    build/stm32f1xx_hal_tim_ex.o
HAL_TIMEx_HallSensor_Start_IT                     build/stm32f1xx_hal_tim_ex.o
HAL_TIMEx_HallSensor_Stop                         build/stm32f1xx_hal_tim_ex.o
HAL_TIMEx_HallSensor_Stop_DMA                     build/stm32f1xx_hal_tim_ex.o
HAL_TIMEx_HallSensor_Stop_IT                      build/stm32f1xx_hal_tim_ex.o
HAL_TIMEx_MasterConfigSynchronization             build/stm32f1xx_hal_tim_ex.o
                                                  build/tim.o
HAL_TIMEx_OCN_Start                               build/stm32f1xx_hal_tim_ex.o
HAL_TIMEx_OCN_Start_DMA                           build/stm32f1xx_hal_tim_ex.o
HAL_TIMEx_OCN_Start_IT                            build/stm32f1xx_hal_tim_ex.o
HAL_TIMEx_OCN_Stop                                build/stm32f1xx_hal_tim_ex.o
HAL_TIMEx_OCN_Stop_DMA                            build/stm32f1xx_hal_tim_ex.o
HAL_TIMEx_OCN_Stop_IT                             build/stm32f1xx_hal_tim_ex.o
HAL_TIMEx_OnePulseN_Start                         build/stm32f1xx_hal_tim_ex.o
HAL_TIMEx_OnePulseN_Start_IT                      build/stm32f1xx_hal_tim_ex.o
HAL_TIMEx_OnePulseN_Stop                          build/stm32f1xx_hal_tim_ex.o
HAL_TIMEx_OnePulseN_Stop_IT                       build/stm32f1xx_hal_tim_ex.o
HAL_TIMEx_PWMN_Start                              build/stm32f1xx_hal_tim_ex.o
HAL_TIMEx_PWMN_Start_DMA                          build/stm32f1xx_hal_tim_ex.o
HAL_TIMEx_PWMN_Start_IT                           build/stm32f1xx_hal_tim_ex.o
HAL_TIMEx_PWMN_Stop                               build/stm32f1xx_hal_tim_ex.o
HAL_TIMEx_PWMN_Stop_DMA                           build/stm32f1xx_hal_tim_ex.o
HAL_TIMEx_PWMN_Stop_IT                            build/stm32f1xx_hal_tim_ex.o
HAL_TIMEx_RemapConfig                             build/stm32f1xx_hal_tim_ex.o
HAL_TIM_Base_DeInit                               build/stm32f1xx_hal_tim.o
HAL_TIM_Base_GetState                             build/stm32f1xx_hal_tim.o
HAL_TIM_Base_Init                                 build/stm32f1xx_hal_tim.o
                                                  build/stm32f1xx_hal_timebase_tim.o
                                                  build/tim.o
HAL_TIM_Base_MspDeInit                            build/tim.o
HAL_TIM_Base_MspInit                              build/tim.o
HAL_TIM_Base_Start                                build/stm32f1xx_hal_tim.o
HAL_TIM_Base_Start_DMA                            build/stm32f1xx_hal_tim.o
HAL_TIM_Base_Start_IT                             build/stm32f1xx_hal_tim.o
                                                  build/stm32f1xx_hal_timebase_tim.o
HAL_TIM_Base_Stop                                 build/stm32f1xx_hal_tim.o
HAL_TIM_Base_Stop_DMA                             build/stm32f1xx_hal_tim.o
HAL_TIM_Base_Stop_IT                              build/stm32f1xx_hal_tim.o
HAL_TIM_ConfigClockSource                         build/stm32f1xx_hal_tim.o
                                                  build/tim.o
HAL_TIM_ConfigOCrefClear                          build/stm32f1xx_hal_tim.o
HAL_TIM_ConfigTI1Input                            build/stm32f1xx_hal_tim.o
HAL_TIM_DMABurstState                             build/stm32f1xx_hal_tim.o
HAL_TIM_DMABurst_MultiReadStart                   build/stm32f1xx_hal_tim.o
HAL_TIM_DMABurst_MultiWriteStart                  build/stm32f1xx_hal_tim.o
HAL_TIM_DMABurst_ReadStart                        build/stm32f1xx_hal_tim.o
HAL_TIM_DMABurst_ReadStop                         build/stm32f1xx_hal_tim.o
HAL_TIM_DMABurst_WriteStart                       build/stm32f1xx_hal_tim.o
HAL_TIM_DMABurst_WriteStop                        build/stm32f1xx_hal_tim.o
HAL_TIM_Encoder_DeInit                            build/stm32f1xx_hal_tim.o
HAL_TIM_Encoder_GetState                          build/stm32f1xx_hal_tim.o
HAL_TIM_Encoder_Init                              build/stm32f1xx_hal_tim.o
HAL_TIM_Encoder_MspDeInit                         build/stm32f1xx_hal_tim.o
HAL_TIM_Encoder_MspInit                           build/stm32f1xx_hal_tim.o
HAL_TIM_Encoder_Start                             build/stm32f1xx_hal_tim.o
HAL_TIM_Encoder_Start_DMA                         build/stm32f1xx_hal_tim.o
HAL_TIM_Encoder_Start_IT                          build/stm32f1xx_hal_tim.o
HAL_TIM_Encoder_Stop                              build/stm32f1xx_hal_tim.o
HAL_TIM_Encoder_Stop_DMA                          build/stm32f1xx_hal_tim.o
HAL_TIM_Encoder_Stop_IT                           build/stm32f1xx_hal_tim.o
HAL_TIM_ErrorCallback                             build/stm32f1xx_hal_tim.o
                                                  build/stm32f1xx_hal_tim_ex.o
HAL_TIM_GenerateEvent                             build/stm32f1xx_hal_tim.o
HAL_TIM_GetActiveChannel                          build/stm32f1xx_hal_tim.o
HAL_TIM_GetChannelState                           build/stm32f1xx_hal_tim.o
HAL_TIM_IC_CaptureCallback                        build/stm32f1xx_hal_tim.o
HAL_TIM_IC_CaptureHalfCpltCallback                build/stm32f1xx_hal_tim.o
HAL_TIM_IC_ConfigChannel                          build/stm32f1xx_hal_tim.o
HAL_TIM_IC_DeInit                                 build/stm32f1xx_hal_tim.o
HAL_TIM_IC_GetState                               build/stm32f1xx_hal_tim.o
HAL_TIM_IC_Init                                   build/stm32f1xx_hal_tim.o
HAL_TIM_IC_MspDeInit                              build/stm32f1xx_hal_tim.o
HAL_TIM_IC_MspInit                                build/stm32f1xx_hal_tim.o
HAL_TIM_IC_Start                                  build/stm32f1xx_hal_tim.o
HAL_TIM_IC_Start_DMA                              build/stm32f1xx_hal_tim.o
HAL_TIM_IC_Start_IT                               build/stm32f1xx_hal_tim.o
HAL_TIM_IC_Stop                                   build/stm32f1xx_hal_tim.o
HAL_TIM_IC_Stop_DMA                               build/stm32f1xx_hal_tim.o
HAL_TIM_IC_Stop_IT                                build/stm32f1xx_hal_tim.o
HAL_TIM_IRQHandler                                build/stm32f1xx_hal_tim.o
                                                  build/stm32f1xx_it.o
HAL_TIM_OC_ConfigChannel                          build/stm32f1xx_hal_tim.o
HAL_TIM_OC_DeInit                                 build/stm32f1xx_hal_tim.o
HAL_TIM_OC_DelayElapsedCallback                   build/stm32f1xx_hal_tim.o
HAL_TIM_OC_GetState                               build/stm32f1xx_hal_tim.o
HAL_TIM_OC_Init                                   build/stm32f1xx_hal_tim.o
HAL_TIM_OC_MspDeInit                              build/stm32f1xx_hal_tim.o
HAL_TIM_OC_MspInit                                build/stm32f1xx_hal_tim.o
HAL_TIM_OC_Start                                  build/stm32f1xx_hal_tim.o
HAL_TIM_OC_Start_DMA                              build/stm32f1xx_hal_tim.o
HAL_TIM_OC_Start_IT                               build/stm32f1xx_hal_tim.o
HAL_TIM_OC_Stop                                   build/stm32f1xx_hal_tim.o
HAL_TIM_OC_Stop_DMA                               build/stm32f1xx_hal_tim.o
HAL_TIM_OC_Stop_IT                                build/stm32f1xx_hal_tim.o
HAL_TIM_OnePulse_ConfigChannel                    build/stm32f1xx_hal_tim.o
HAL_TIM_OnePulse_DeInit                           build/stm32f1xx_hal_tim.o
HAL_TIM_OnePulse_GetState                         build/stm32f1xx_hal_tim.o
HAL_TIM_OnePulse_Init                             build/stm32f1xx_hal_tim.o
HAL_TIM_OnePulse_MspDeInit                        build/stm32f1xx_hal_tim.o
HAL_TIM_OnePulse_MspInit                          build/stm32f1xx_hal_tim.o
HAL_TIM_OnePulse_Start                            build/stm32f1xx_hal_tim.o
HAL_TIM_OnePulse_Start_IT                         build/stm32f1xx_hal_tim.o
HAL_TIM_OnePulse_Stop                             build/stm32f1xx_hal_tim.o
HAL_TIM_OnePulse_Stop_IT                          build/stm32f1xx_hal_tim.o
HAL_TIM_PWM_ConfigChannel                         build/stm32f1xx_hal_tim.o
HAL_TIM_PWM_DeInit                                build/stm32f1xx_hal_tim.o
HAL_TIM_PWM_GetState                              build/stm32f1xx_hal_tim.o
HAL_TIM_PWM_Init                                  build/stm32f1xx_hal_tim.o
HAL_TIM_PWM_MspDeInit                             build/stm32f1xx_hal_tim.o
HAL_TIM_PWM_MspInit                               build/stm32f1xx_hal_tim.o
HAL_TIM_PWM_PulseFinishedCallback                 build/stm32f1xx_hal_tim.o
                                                  build/stm32f1xx_hal_tim_ex.o
HAL_TIM_PWM_PulseFinishedHalfCpltCallback         build/stm32f1xx_hal_tim.o
HAL_TIM_PWM_Start                                 build/stm32f1xx_hal_tim.o
HAL_TIM_PWM_Start_DMA                             build/stm32f1xx_hal_tim.o
HAL_TIM_PWM_Start_IT                              build/stm32f1xx_hal_tim.o
HAL_TIM_PWM_Stop                                  build/stm32f1xx_hal_tim.o
HAL_TIM_PWM_Stop_DMA                              build/stm32f1xx_hal_tim.o
HAL_TIM_PWM_Stop_IT                               build/stm32f1xx_hal_tim.o
HAL_TIM_PeriodElapsedCallback                     build/main.o
HAL_TIM_PeriodElapsedHalfCpltCallback             build/stm32f1xx_hal_tim.o
HAL_TIM_ReadCapturedValue                         build/stm32f1xx_hal_tim.o
HAL_TIM_SlaveConfigSynchro                        build/stm32f1xx_hal_tim.o
HAL_TIM_SlaveConfigSynchro_IT                     build/stm32f1xx_hal_tim.o
HAL_TIM_TriggerCallback                           build/stm32f1xx_hal_tim.o
HAL_TIM_TriggerHalfCpltCallback                   build/stm32f1xx_hal_tim.o
HAL_UARTEx_GetRxEventType                         build/stm32f1xx_hal_uart.o
HAL_UARTEx_ReceiveToIdle                          build/stm32f1xx_hal_uart.o
HAL_UARTEx_ReceiveToIdle_DMA                      build/stm32f1xx_hal_uart.o
HAL_UARTEx_ReceiveToIdle_IT                       build/stm32f1xx_hal_uart.o
HAL_UARTEx_RxEventCallback                        build/stm32f1xx_hal_uart.o
HAL_UART_Abort                                    build/stm32f1xx_hal_uart.o
HAL_UART_AbortCpltCallback                        build/stm32f1xx_hal_uart.o
HAL_UART_AbortReceive                             build/stm32f1xx_hal_uart.o
HAL_UART_AbortReceiveCpltCallback                 build/stm32f1xx_hal_uart.o
HAL_UART_AbortReceive_IT                          build/stm32f1xx_hal_uart.o
HAL_UART_AbortTransmit                            build/stm32f1xx_hal_uart.o
HAL_UART_AbortTransmitCpltCallback                build/stm32f1xx_hal_uart.o
HAL_UART_AbortTransmit_IT                         build/stm32f1xx_hal_uart.o
HAL_UART_Abort_IT                                 build/stm32f1xx_hal_uart.o
HAL_UART_DMAPause                                 build/stm32f1xx_hal_uart.o
HAL_UART_DMAResume                                build/stm32f1xx_hal_uart.o
HAL_UART_DMAStop                                  build/stm32f1xx_hal_uart.o
HAL_UART_DeInit                                   build/stm32f1xx_hal_uart.o
HAL_UART_ErrorCallback                            build/stm32f1xx_hal_uart.o
HAL_UART_GetError                                 build/stm32f1xx_hal_uart.o
HAL_UART_GetState                                 build/stm32f1xx_hal_uart.o
HAL_UART_IRQHandler                               build/stm32f1xx_hal_uart.o
                                                  build/stm32f1xx_it.o
HAL_UART_Init                                     build/stm32f1xx_hal_uart.o
                                                  build/usart.o
HAL_UART_MspDeInit                                build/usart.o
HAL_UART_MspInit                                  build/usart.o
HAL_UART_Receive                                  build/stm32f1xx_hal_uart.o
HAL_UART_Receive_DMA                              build/stm32f1xx_hal_uart.o
HAL_UART_Receive_IT                               build/stm32f1xx_hal_uart.o
HAL_UART_RxCpltCallback                           build/stm32f1xx_hal_uart.o
HAL_UART_RxHalfCpltCallback                       build/stm32f1xx_hal_uart.o
HAL_UART_Transmit                                 build/stm32f1xx_hal_uart.o
HAL_UART_Transmit_DMA                             build/stm32f1xx_hal_uart.o
HAL_UART_Transmit_IT                              build/stm32f1xx_hal_uart.o
HAL_UART_TxCpltCallback                           build/stm32f1xx_hal_uart.o
HAL_UART_TxHalfCpltCallback                       build/stm32f1xx_hal_uart.o
HardFault_Handler                                 build/stm32f1xx_it.o
I2C1_ER_IRQHandler                                build/startup_stm32f103xb.o
I2C1_EV_IRQHandler                                build/startup_stm32f103xb.o
I2C2_ER_IRQHandler                                build/startup_stm32f103xb.o
I2C2_EV_IRQHandler                                build/startup_stm32f103xb.o
Led_Control                                       build/driver_led.o
Led_Init                                          build/driver_led.o
Led_Test                                          build/driver_led.o
                                                  build/freertos.o
MX_FREERTOS_Init                                  build/freertos.o
                                                  build/main.o
MX_GPIO_Init                                      build/gpio.o
                                                  build/main.o
MX_TIM2_Init                                      build/tim.o
                                                  build/main.o
MX_USART1_UART_Init                               build/usart.o
                                                  build/main.o
MX_USART2_UART_Init                               build/usart.o
                                                  build/main.o
MemManage_Handler                                 build/stm32f1xx_it.o
NMI_Handler                                       build/stm32f1xx_it.o
OLED_Clear                                        build/driver_oled.o
                                                  build/freertos.o
OLED_F8x16                                        build/driver_oled.o
OLED_I2C_Init                                     build/driver_oled.o
OLED_I2C_SendByte                                 build/driver_oled.o
OLED_I2C_Start                                    build/driver_oled.o
OLED_I2C_Stop                                     build/driver_oled.o
OLED_Init                                         build/driver_oled.o
                                                  build/freertos.o
OLED_Pow                                          build/driver_oled.o
OLED_SetCursor                                    build/driver_oled.o
OLED_ShowBinNum                                   build/driver_oled.o
OLED_ShowChar                                     build/driver_oled.o
OLED_ShowHexNum                                   build/driver_oled.o
OLED_ShowNum                                      build/driver_oled.o
OLED_ShowSignedNum                                build/driver_oled.o
OLED_ShowString                                   build/driver_oled.o
OLED_Test                                         build/driver_oled.o
                                                  build/freertos.o
OLED_W_SCL                                        build/driver_oled.o
OLED_W_SDA                                        build/driver_oled.o
OLED_WriteCommand                                 build/driver_oled.o
OLED_WriteData                                    build/driver_oled.o
PVD_IRQHandler                                    build/startup_stm32f103xb.o
PendSV_Handler                                    build/port.o
RCC_IRQHandler                                    build/startup_stm32f103xb.o
RTC_Alarm_IRQHandler                              build/startup_stm32f103xb.o
RTC_IRQHandler                                    build/startup_stm32f103xb.o
Reset_Handler                                     build/startup_stm32f103xb.o
SPI1_IRQHandler                                   build/startup_stm32f103xb.o
SPI2_IRQHandler                                   build/startup_stm32f103xb.o
SVC_Handler                                       build/port.o
StartDefaultTask                                  build/freertos.o